[100A.1] Genesis Continuum Integration initialized.
[100A.1] Using GENESIS_DIR=/home/moghimi/kmtos-public/hx_mirror/genesis
[100A.1] Quantum stability and continuum persistence confirmed.
[100A.1] Integration score: 100
[100A.1] Integration variance: 0
[100A.1] Genesis continuum integration report written to /home/moghimi/kmtos-public/hx_mirror/genesis/genesis_continuum_integration_report.json.
[100A.1] System equilibrium balance: 100%
[100A.1] System equilibrium variance: 0%
[100A.1] System equilibrium summary written to /home/moghimi/kmtos-public/hx_mirror/genesis/system_equilibrium_summary.json.
[100A.1] Genesis readiness summary updated to genesis-continuum-integrated-and-system-equilibrium-achieved.
[100A.1] Genesis Continuum Integration and System Equilibrium Protocol complete.
[100A.1] Genesis Continuum Integration initialized.
[100A.1] Using GENESIS_DIR=/home/moghimi/kmtos-public/hx_mirror/genesis
[100A.1] ERROR: Quantum stability or continuum persistence incomplete. Run 90A.3 before 100A.1.
[100A.1] Genesis Continuum Integration initialized.
[100A.1] Using GENESIS_DIR=/home/moghimi/kmtos-public/hx_mirror/genesis
[100A.1] ERROR: Quantum stability or continuum persistence incomplete. Run 90A.3 before 100A.1.
[100A.1] Genesis Continuum Integration initialized.
[100A.1] Using GENESIS_DIR=/home/moghimi/kmtos-public/hx_mirror/genesis
[100A.1] ERROR: Quantum stability or continuum persistence incomplete. Run 90A.3 before 100A.1.
[100A.1] Genesis Continuum Integration initialized.
[100A.1] Using GENESIS_DIR=/home/moghimi/kmtos-public/hx_mirror/genesis
[100A.1] ERROR: Quantum stability or continuum persistence incomplete. Run 90A.3 before 100A.1.
[100A.1] Genesis Continuum Integration initialized.
[100A.1] Using GENESIS_DIR=/home/moghimi/kmtos-public/hx_mirror/genesis
[100A.1] ERROR: Quantum stability or continuum persistence incomplete. Run 90A.3 before 100A.1.
[100A.1] Genesis Continuum Integration initialized.
[100A.1] Using GENESIS_DIR=/home/moghimi/kmtos-public/hx_mirror/genesis
[100A.1] ERROR: Quantum stability or continuum persistence incomplete. Run 90A.3 before 100A.1.
[100A.1] Genesis Continuum Integration initialized.
[100A.1] Using GENESIS_DIR=/home/moghimi/kmtos-public/hx_mirror/genesis
[100A.1] ERROR: Quantum stability or continuum persistence incomplete. Run 90A.3 before 100A.1.
