[110A.2] Final Continuum Lock initialized.
[110A.2] Using GENESIS_DIR=/home/moghimi/kmtos-public/hx_mirror/genesis
[110A.2] Post-equilibrium validation confirmed.
[110A.2] Continuum lock strength: 100%
[110A.2] Continuum lock variance: 0%
[110A.2] Genesis completion manifest written to /home/moghimi/kmtos-public/hx_mirror/genesis/genesis_completion_manifest.json.
[110A.2] Genesis readiness summary updated to genesis-completion-achieved.
[110A.2] Final Continuum Lock and Genesis Completion Protocol complete.
[110A.2] Final Continuum Lock initialized.
[110A.2] Using GENESIS_DIR=/home/moghimi/kmtos-public/hx_mirror/genesis
[110A.2] ERROR: Post-equilibrium validation incomplete. Run 110A.1 before 110A.2.
[110A.2] Final Continuum Lock initialized.
[110A.2] Using GENESIS_DIR=/home/moghimi/kmtos-public/hx_mirror/genesis
[110A.2] ERROR: Post-equilibrium validation incomplete. Run 110A.1 before 110A.2.
[110A.2] Final Continuum Lock initialized.
[110A.2] Using GENESIS_DIR=/home/moghimi/kmtos-public/hx_mirror/genesis
[110A.2] ERROR: Post-equilibrium validation incomplete. Run 110A.1 before 110A.2.
[110A.2] Final Continuum Lock initialized.
[110A.2] Using GENESIS_DIR=/home/moghimi/kmtos-public/hx_mirror/genesis
[110A.2] ERROR: Post-equilibrium validation incomplete. Run 110A.1 before 110A.2.
[110A.2] Final Continuum Lock initialized.
[110A.2] Using GENESIS_DIR=/home/moghimi/kmtos-public/hx_mirror/genesis
[110A.2] ERROR: Post-equilibrium validation incomplete. Run 110A.1 before 110A.2.
[110A.2] Final Continuum Lock initialized.
[110A.2] Using GENESIS_DIR=/home/moghimi/kmtos-public/hx_mirror/genesis
[110A.2] ERROR: Post-equilibrium validation incomplete. Run 110A.1 before 110A.2.
[110A.2] Final Continuum Lock initialized.
[110A.2] Using GENESIS_DIR=/home/moghimi/kmtos-public/hx_mirror/genesis
[110A.2] ERROR: Post-equilibrium validation incomplete. Run 110A.1 before 110A.2.
