[110A.1] Post-Equilibrium Validation initialized.
[110A.1] Using GENESIS_DIR=/home/moghimi/kmtos-public/hx_mirror/genesis
[110A.1] System equilibrium confirmed.
[110A.1] Equilibrium persistence: 100%
[110A.1] Equilibrium drift: 0%
[110A.1] Post-equilibrium validation report written to /home/moghimi/kmtos-public/hx_mirror/genesis/post_equilibrium_validation_report.json.
[110A.1] System archival manifest written to /home/moghimi/kmtos-public/hx_mirror/genesis/system_archival_manifest.json.
[110A.1] Genesis readiness summary updated to post-equilibrium-validated-and-system-archived.
[110A.1] Genesis Continuum Post-Equilibrium Validation and System Archival Protocol complete.
[110A.1] Post-Equilibrium Validation initialized.
[110A.1] Using GENESIS_DIR=/home/moghimi/kmtos-public/hx_mirror/genesis
[110A.1] ERROR: System equilibrium not achieved. Run 100A.1 before 110A.1.
[110A.1] Post-Equilibrium Validation initialized.
[110A.1] Using GENESIS_DIR=/home/moghimi/kmtos-public/hx_mirror/genesis
[110A.1] ERROR: System equilibrium not achieved. Run 100A.1 before 110A.1.
[110A.1] Post-Equilibrium Validation initialized.
[110A.1] Using GENESIS_DIR=/home/moghimi/kmtos-public/hx_mirror/genesis
[110A.1] ERROR: System equilibrium not achieved. Run 100A.1 before 110A.1.
[110A.1] Post-Equilibrium Validation initialized.
[110A.1] Using GENESIS_DIR=/home/moghimi/kmtos-public/hx_mirror/genesis
[110A.1] ERROR: System equilibrium not achieved. Run 100A.1 before 110A.1.
[110A.1] Post-Equilibrium Validation initialized.
[110A.1] Using GENESIS_DIR=/home/moghimi/kmtos-public/hx_mirror/genesis
[110A.1] ERROR: System equilibrium not achieved. Run 100A.1 before 110A.1.
[110A.1] Post-Equilibrium Validation initialized.
[110A.1] Using GENESIS_DIR=/home/moghimi/kmtos-public/hx_mirror/genesis
[110A.1] ERROR: System equilibrium not achieved. Run 100A.1 before 110A.1.
[110A.1] Post-Equilibrium Validation initialized.
[110A.1] Using GENESIS_DIR=/home/moghimi/kmtos-public/hx_mirror/genesis
[110A.1] ERROR: System equilibrium not achieved. Run 100A.1 before 110A.1.
