[79A.1] Genesis Initialization Protocol Definition initialized.
[79A.1] Using GENESIS_DIR=/home/moghimi/kmtos-public/hx_mirror/genesis
[79A.1] Genesis scaffold verified.
[79A.1] Writing Genesis Protocol to /home/moghimi/kmtos-public/hx_mirror/genesis/genesis_protocol.json...
[79A.1] Genesis Protocol defined.
[79A.1] Updating genesis_manifest.json with protocol reference...
[79A.1] genesis_manifest.json updated (genesis remains disabled).
[79A.1] Ensuring activation flags remain locked by default...
[79A.1] activation_flags.json updated (activation still disabled).
[79A.1] Computing Genesis readiness summary...
[79A.1] Genesis readiness summary written to /home/moghimi/kmtos-public/hx_mirror/genesis/genesis_readiness.json.
[79A.1] Genesis Initialization Protocol Definition complete (protocol defined, activation locked).
[79A.1] Genesis Initialization Protocol Definition initialized.
[79A.1] Using GENESIS_DIR=/home/moghimi/kmtos-public/hx_mirror/genesis
[79A.1] Genesis scaffold verified.
[79A.1] Writing Genesis Protocol to /home/moghimi/kmtos-public/hx_mirror/genesis/genesis_protocol.json...
[79A.1] Genesis Protocol defined.
[79A.1] Updating genesis_manifest.json with protocol reference...
[79A.1] genesis_manifest.json updated (genesis remains disabled).
[79A.1] Ensuring activation flags remain locked by default...
[79A.1] activation_flags.json updated (activation still disabled).
[79A.1] Computing Genesis readiness summary...
[79A.1] Genesis readiness summary written to /home/moghimi/kmtos-public/hx_mirror/genesis/genesis_readiness.json.
[79A.1] Genesis Initialization Protocol Definition complete (protocol defined, activation locked).
[79A.1] Genesis Initialization Protocol Definition initialized.
[79A.1] Using GENESIS_DIR=/home/moghimi/kmtos-public/hx_mirror/genesis
[79A.1] Genesis scaffold verified.
[79A.1] Writing Genesis Protocol to /home/moghimi/kmtos-public/hx_mirror/genesis/genesis_protocol.json...
[79A.1] Genesis Protocol defined.
[79A.1] Updating genesis_manifest.json with protocol reference...
[79A.1] genesis_manifest.json updated (genesis remains disabled).
[79A.1] Ensuring activation flags remain locked by default...
[79A.1] activation_flags.json updated (activation still disabled).
[79A.1] Computing Genesis readiness summary...
[79A.1] Genesis readiness summary written to /home/moghimi/kmtos-public/hx_mirror/genesis/genesis_readiness.json.
[79A.1] Genesis Initialization Protocol Definition complete (protocol defined, activation locked).
[79A.1] Genesis Initialization Protocol Definition initialized.
[79A.1] Using GENESIS_DIR=/home/moghimi/kmtos-public/hx_mirror/genesis
[79A.1] Genesis scaffold verified.
[79A.1] Writing Genesis Protocol to /home/moghimi/kmtos-public/hx_mirror/genesis/genesis_protocol.json...
[79A.1] Genesis Protocol defined.
[79A.1] Updating genesis_manifest.json with protocol reference...
[79A.1] genesis_manifest.json updated (genesis remains disabled).
[79A.1] Ensuring activation flags remain locked by default...
[79A.1] activation_flags.json updated (activation still disabled).
[79A.1] Computing Genesis readiness summary...
[79A.1] Genesis readiness summary written to /home/moghimi/kmtos-public/hx_mirror/genesis/genesis_readiness.json.
[79A.1] Genesis Initialization Protocol Definition complete (protocol defined, activation locked).
[79A.1] Genesis Initialization Protocol Definition initialized.
[79A.1] Using GENESIS_DIR=/home/moghimi/kmtos-public/hx_mirror/genesis
[79A.1] Genesis scaffold verified.
[79A.1] Writing Genesis Protocol to /home/moghimi/kmtos-public/hx_mirror/genesis/genesis_protocol.json...
[79A.1] Genesis Protocol defined.
[79A.1] Updating genesis_manifest.json with protocol reference...
[79A.1] genesis_manifest.json updated (genesis remains disabled).
[79A.1] Ensuring activation flags remain locked by default...
[79A.1] activation_flags.json updated (activation still disabled).
[79A.1] Computing Genesis readiness summary...
[79A.1] Genesis readiness summary written to /home/moghimi/kmtos-public/hx_mirror/genesis/genesis_readiness.json.
[79A.1] Genesis Initialization Protocol Definition complete (protocol defined, activation locked).
[79A.1] Genesis Initialization Protocol Definition initialized.
[79A.1] Using GENESIS_DIR=/home/moghimi/kmtos-public/hx_mirror/genesis
[79A.1] Genesis scaffold verified.
[79A.1] Writing Genesis Protocol to /home/moghimi/kmtos-public/hx_mirror/genesis/genesis_protocol.json...
[79A.1] Genesis Protocol defined.
[79A.1] Updating genesis_manifest.json with protocol reference...
[79A.1] genesis_manifest.json updated (genesis remains disabled).
[79A.1] Ensuring activation flags remain locked by default...
[79A.1] activation_flags.json updated (activation still disabled).
[79A.1] Computing Genesis readiness summary...
[79A.1] Genesis readiness summary written to /home/moghimi/kmtos-public/hx_mirror/genesis/genesis_readiness.json.
[79A.1] Genesis Initialization Protocol Definition complete (protocol defined, activation locked).
[79A.1] Genesis Initialization Protocol Definition initialized.
[79A.1] Using GENESIS_DIR=/home/moghimi/kmtos-public/hx_mirror/genesis
[79A.1] Genesis scaffold verified.
[79A.1] Writing Genesis Protocol to /home/moghimi/kmtos-public/hx_mirror/genesis/genesis_protocol.json...
[79A.1] Genesis Protocol defined.
[79A.1] Updating genesis_manifest.json with protocol reference...
[79A.1] genesis_manifest.json updated (genesis remains disabled).
[79A.1] Ensuring activation flags remain locked by default...
[79A.1] activation_flags.json updated (activation still disabled).
[79A.1] Computing Genesis readiness summary...
[79A.1] Genesis readiness summary written to /home/moghimi/kmtos-public/hx_mirror/genesis/genesis_readiness.json.
[79A.1] Genesis Initialization Protocol Definition complete (protocol defined, activation locked).
[79A.1] Genesis Initialization Protocol Definition initialized.
[79A.1] Using GENESIS_DIR=/home/moghimi/kmtos-public/hx_mirror/genesis
[79A.1] Genesis scaffold verified.
[79A.1] Writing Genesis Protocol to /home/moghimi/kmtos-public/hx_mirror/genesis/genesis_protocol.json...
[79A.1] Genesis Protocol defined.
[79A.1] Updating genesis_manifest.json with protocol reference...
[79A.1] genesis_manifest.json updated (genesis remains disabled).
[79A.1] Ensuring activation flags remain locked by default...
[79A.1] activation_flags.json updated (activation still disabled).
[79A.1] Computing Genesis readiness summary...
[79A.1] Genesis readiness summary written to /home/moghimi/kmtos-public/hx_mirror/genesis/genesis_readiness.json.
[79A.1] Genesis Initialization Protocol Definition complete (protocol defined, activation locked).
