[79A.10] Genesis Continuum Post-Finalization Audit initialized.
[79A.10] Using GENESIS_DIR=/home/moghimi/kmtos-public/hx_mirror/genesis
[79A.10] System finalization confirmed.
[79A.10] Checksum computed for /home/moghimi/kmtos-public/hx_mirror/genesis/genesis_manifest.json: 502c65081568b02f9178bdf6cc09781f8f1661288b118aeed0634eb6d62ce994
[79A.10] Checksum computed for /home/moghimi/kmtos-public/hx_mirror/genesis/continuum_integrity_report.json: 1def54d788d87bf1b25e3398a75ec0578768cac4c8af31d6bd7181dedfe47098
[79A.10] Checksum computed for /home/moghimi/kmtos-public/hx_mirror/genesis/system_finalization.json: f5c420be2ac5d31d6f16f2906041e4633fd93add947aab3e02eb8049edf03b98
[79A.10] Checksum computed for /home/moghimi/kmtos-public/hx_mirror/genesis/continuum_binding.json: d2d29fa6dcd3c6768cf19865f4d72bc015935b02fae5b0ccba4b961f6dba72a0
[79A.10] Checksum manifest written to /home/moghimi/kmtos-public/hx_mirror/genesis/checksum_manifest.json.
[79A.10] Archival report written to /home/moghimi/kmtos-public/hx_mirror/genesis/genesis_continuum_archival_report.json.
[79A.10] Genesis readiness summary updated to archival-complete.
[79A.10] Genesis Continuum Post-Finalization Audit and Archival Protocol complete.
[79A.10] Genesis Continuum Post-Finalization Audit initialized.
[79A.10] Using GENESIS_DIR=/home/moghimi/kmtos-public/hx_mirror/genesis
[79A.10] ERROR: System not finalized. Run 79A.9 before 79A.10.
[79A.10] Genesis Continuum Post-Finalization Audit initialized.
[79A.10] Using GENESIS_DIR=/home/moghimi/kmtos-public/hx_mirror/genesis
[79A.10] System finalization confirmed.
[79A.10] Checksum computed for /home/moghimi/kmtos-public/hx_mirror/genesis/genesis_manifest.json: 6d5ace406514e853df5290072fb1ff464010ac438f0b3d77bcf5bab1d5e00566
[79A.10] Checksum computed for /home/moghimi/kmtos-public/hx_mirror/genesis/continuum_integrity_report.json: 39bdc3978f3261ae24a6d151050bfa2819391cb07e8a250f1cda609dca4a5ddc
[79A.10] Checksum computed for /home/moghimi/kmtos-public/hx_mirror/genesis/system_finalization.json: cd558716469f291a9141cc3bb3c10562d3c942f6847a68e8f8706bd29685fbec
[79A.10] Checksum computed for /home/moghimi/kmtos-public/hx_mirror/genesis/continuum_binding.json: 4209cb1a33620227cc639922d10becb53a8c37ae9c190dec4e43ee6e2c41117d
[79A.10] Checksum manifest written to /home/moghimi/kmtos-public/hx_mirror/genesis/checksum_manifest.json.
[79A.10] Archival report written to /home/moghimi/kmtos-public/hx_mirror/genesis/genesis_continuum_archival_report.json.
[79A.10] Genesis readiness summary updated to archival-complete.
[79A.10] Genesis Continuum Post-Finalization Audit and Archival Protocol complete.
[79A.10] Genesis Continuum Post-Finalization Audit initialized.
[79A.10] Using GENESIS_DIR=/home/moghimi/kmtos-public/hx_mirror/genesis
[79A.10] System finalization confirmed.
[79A.10] Checksum computed for /home/moghimi/kmtos-public/hx_mirror/genesis/genesis_manifest.json: 6233915f5e1dfd5987138d71556a2b5a3ecd08d7f27bdf74f936955f202e6568
[79A.10] Checksum computed for /home/moghimi/kmtos-public/hx_mirror/genesis/continuum_integrity_report.json: 42f3845520e6ad488d944175df7ae722edbcb242128cefe9621745928d20136c
[79A.10] Checksum computed for /home/moghimi/kmtos-public/hx_mirror/genesis/system_finalization.json: 29abff1347f90b5e0416650b0cddc2ddb637cc5d609eaa35fb080cb29e45f383
[79A.10] Checksum computed for /home/moghimi/kmtos-public/hx_mirror/genesis/continuum_binding.json: 6f6774fd284cb2b65487d7772b1f084bca07577eba7c9a2a10a61969c53009b7
[79A.10] Checksum manifest written to /home/moghimi/kmtos-public/hx_mirror/genesis/checksum_manifest.json.
[79A.10] Archival report written to /home/moghimi/kmtos-public/hx_mirror/genesis/genesis_continuum_archival_report.json.
[79A.10] Genesis readiness summary updated to archival-complete.
[79A.10] Genesis Continuum Post-Finalization Audit and Archival Protocol complete.
[79A.10] Genesis Continuum Post-Finalization Audit initialized.
[79A.10] Using GENESIS_DIR=/home/moghimi/kmtos-public/hx_mirror/genesis
[79A.10] System finalization confirmed.
[79A.10] Checksum computed for /home/moghimi/kmtos-public/hx_mirror/genesis/genesis_manifest.json: d80206b31befcecdd416f5d089e9801b542b2a04b26b0f9542c20cdaf637bbd3
[79A.10] Checksum computed for /home/moghimi/kmtos-public/hx_mirror/genesis/continuum_integrity_report.json: 1addbeb435da18ef5d2ce40580a150af52e3b41e4cf7e7befb2ee988fb06b608
[79A.10] Checksum computed for /home/moghimi/kmtos-public/hx_mirror/genesis/system_finalization.json: 68c3464e00777cd8d40275d5561131bbeea20ddfd2200a0a1a27a64485d61296
[79A.10] Checksum computed for /home/moghimi/kmtos-public/hx_mirror/genesis/continuum_binding.json: bb03ea7d3bcb7862ce01986a669feb466910092a588ee3f657dbb05434c7b910
[79A.10] Checksum manifest written to /home/moghimi/kmtos-public/hx_mirror/genesis/checksum_manifest.json.
[79A.10] Archival report written to /home/moghimi/kmtos-public/hx_mirror/genesis/genesis_continuum_archival_report.json.
[79A.10] Genesis readiness summary updated to archival-complete.
[79A.10] Genesis Continuum Post-Finalization Audit and Archival Protocol complete.
[79A.10] Genesis Continuum Post-Finalization Audit initialized.
[79A.10] Using GENESIS_DIR=/home/moghimi/kmtos-public/hx_mirror/genesis
[79A.10] System finalization confirmed.
[79A.10] Checksum computed for /home/moghimi/kmtos-public/hx_mirror/genesis/genesis_manifest.json: 6b77c4d6470a52d03758771d20eea23d76d2efd802272e23f26c508860ea672e
[79A.10] Checksum computed for /home/moghimi/kmtos-public/hx_mirror/genesis/continuum_integrity_report.json: d514959ffafa12215c3ff32ff0690c28c399e02031490dcf4f5aee5660165cb9
[79A.10] Checksum computed for /home/moghimi/kmtos-public/hx_mirror/genesis/system_finalization.json: 295890bc69327e1a6182d0578ad38267ddac8154594b0e0ecd574c2a17472202
[79A.10] Checksum computed for /home/moghimi/kmtos-public/hx_mirror/genesis/continuum_binding.json: bc41546c9a2dffed755db4c9bd407b66d292a4593e4c79803d605aff50111ca2
[79A.10] Checksum manifest written to /home/moghimi/kmtos-public/hx_mirror/genesis/checksum_manifest.json.
[79A.10] Archival report written to /home/moghimi/kmtos-public/hx_mirror/genesis/genesis_continuum_archival_report.json.
[79A.10] Genesis readiness summary updated to archival-complete.
[79A.10] Genesis Continuum Post-Finalization Audit and Archival Protocol complete.
[79A.10] Genesis Continuum Post-Finalization Audit initialized.
[79A.10] Using GENESIS_DIR=/home/moghimi/kmtos-public/hx_mirror/genesis
[79A.10] System finalization confirmed.
[79A.10] Checksum computed for /home/moghimi/kmtos-public/hx_mirror/genesis/genesis_manifest.json: 6c594f653d329b4878c99e756b253d33f4816194f4c0993df8caffbb415c3331
[79A.10] Checksum computed for /home/moghimi/kmtos-public/hx_mirror/genesis/continuum_integrity_report.json: c2cca0d04585257856b96487cc08262c736f39c0bf39c5af7d71d4c118b284ae
[79A.10] Checksum computed for /home/moghimi/kmtos-public/hx_mirror/genesis/system_finalization.json: 9add09bee51887c050549f241070d19d55c4a4a12d69022cae39f95fa01940a2
[79A.10] Checksum computed for /home/moghimi/kmtos-public/hx_mirror/genesis/continuum_binding.json: 597e679b037d22c0bb103f33c1697cf44a7e0bcc7aed1865d6c56542c7dcd912
[79A.10] Checksum manifest written to /home/moghimi/kmtos-public/hx_mirror/genesis/checksum_manifest.json.
[79A.10] Archival report written to /home/moghimi/kmtos-public/hx_mirror/genesis/genesis_continuum_archival_report.json.
[79A.10] Genesis readiness summary updated to archival-complete.
[79A.10] Genesis Continuum Post-Finalization Audit and Archival Protocol complete.
[79A.10] Genesis Continuum Post-Finalization Audit initialized.
[79A.10] Using GENESIS_DIR=/home/moghimi/kmtos-public/hx_mirror/genesis
[79A.10] System finalization confirmed.
[79A.10] Checksum computed for /home/moghimi/kmtos-public/hx_mirror/genesis/genesis_manifest.json: d8477b9e4652577ac7929289670ffd0a0cbc6f97ca62194516ed4d6bfef72fba
[79A.10] Checksum computed for /home/moghimi/kmtos-public/hx_mirror/genesis/continuum_integrity_report.json: 878d7d8f3c5b7db080a2186ded029cea337bb4322ac9468e111a2e3996177052
[79A.10] Checksum computed for /home/moghimi/kmtos-public/hx_mirror/genesis/system_finalization.json: bc75f1a67433956b65697d9baddbea7c8fc17db8a6603bc044a17c67bbf2db7d
[79A.10] Checksum computed for /home/moghimi/kmtos-public/hx_mirror/genesis/continuum_binding.json: a2cd3a8cb64d6b3a8ee76a84a2654133170a38d31e1c647eff8e16cba0f8e40f
[79A.10] Checksum manifest written to /home/moghimi/kmtos-public/hx_mirror/genesis/checksum_manifest.json.
[79A.10] Archival report written to /home/moghimi/kmtos-public/hx_mirror/genesis/genesis_continuum_archival_report.json.
[79A.10] Genesis readiness summary updated to archival-complete.
[79A.10] Genesis Continuum Post-Finalization Audit and Archival Protocol complete.
