[79A.13] Operational Validation initialized.
[79A.13] Using GENESIS_DIR=/home/moghimi/kmtos-public/hx_mirror/genesis
[79A.13] Operational reintegration confirmed.
[79A.13] Signal strength: null
[79A.13] Latency (ms): null
[79A.13] Packet loss (%): null
[79A.13] Calculated telemetry integrity score: 0
[79A.13] Telemetry integrity report written to /home/moghimi/kmtos-public/hx_mirror/genesis/telemetry_integrity_report.json.
[79A.13] Operational validation file created.
[79A.13] Genesis readiness summary updated to telemetry-validated.
[79A.13] Genesis Continuum Operational Validation and Telemetry Integrity Protocol complete.
[79A.13] Operational Validation initialized.
[79A.13] Using GENESIS_DIR=/home/moghimi/kmtos-public/hx_mirror/genesis
[79A.13] ERROR: System not reintegrated. Run 79A.12 before 79A.13.
[79A.13] Operational Validation initialized.
[79A.13] Using GENESIS_DIR=/home/moghimi/kmtos-public/hx_mirror/genesis
[79A.13] Operational reintegration confirmed.
[79A.13] Signal strength: null
[79A.13] Latency (ms): null
[79A.13] Packet loss (%): null
[79A.13] Calculated telemetry integrity score: 0
[79A.13] Telemetry integrity report written to /home/moghimi/kmtos-public/hx_mirror/genesis/telemetry_integrity_report.json.
[79A.13] Operational validation file created.
[79A.13] Genesis readiness summary updated to telemetry-validated.
[79A.13] Genesis Continuum Operational Validation and Telemetry Integrity Protocol complete.
[79A.13] Operational Validation initialized.
[79A.13] Using GENESIS_DIR=/home/moghimi/kmtos-public/hx_mirror/genesis
[79A.13] Operational reintegration confirmed.
[79A.13] Signal strength: null
[79A.13] Latency (ms): null
[79A.13] Packet loss (%): null
[79A.13] Calculated telemetry integrity score: 0
[79A.13] Telemetry integrity report written to /home/moghimi/kmtos-public/hx_mirror/genesis/telemetry_integrity_report.json.
[79A.13] Operational validation file created.
[79A.13] Genesis readiness summary updated to telemetry-validated.
[79A.13] Genesis Continuum Operational Validation and Telemetry Integrity Protocol complete.
[79A.13] Operational Validation initialized.
[79A.13] Using GENESIS_DIR=/home/moghimi/kmtos-public/hx_mirror/genesis
[79A.13] Operational reintegration confirmed.
[79A.13] Signal strength: null
[79A.13] Latency (ms): null
[79A.13] Packet loss (%): null
[79A.13] Calculated telemetry integrity score: 0
[79A.13] Telemetry integrity report written to /home/moghimi/kmtos-public/hx_mirror/genesis/telemetry_integrity_report.json.
[79A.13] Operational validation file created.
[79A.13] Genesis readiness summary updated to telemetry-validated.
[79A.13] Genesis Continuum Operational Validation and Telemetry Integrity Protocol complete.
[79A.13] Operational Validation initialized.
[79A.13] Using GENESIS_DIR=/home/moghimi/kmtos-public/hx_mirror/genesis
[79A.13] Operational reintegration confirmed.
[79A.13] Signal strength: null
[79A.13] Latency (ms): null
[79A.13] Packet loss (%): null
[79A.13] Calculated telemetry integrity score: 0
[79A.13] Telemetry integrity report written to /home/moghimi/kmtos-public/hx_mirror/genesis/telemetry_integrity_report.json.
[79A.13] Operational validation file created.
[79A.13] Genesis readiness summary updated to telemetry-validated.
[79A.13] Genesis Continuum Operational Validation and Telemetry Integrity Protocol complete.
[79A.13] Operational Validation initialized.
[79A.13] Using GENESIS_DIR=/home/moghimi/kmtos-public/hx_mirror/genesis
[79A.13] Operational reintegration confirmed.
[79A.13] Signal strength: null
[79A.13] Latency (ms): null
[79A.13] Packet loss (%): null
[79A.13] Calculated telemetry integrity score: 0
[79A.13] Telemetry integrity report written to /home/moghimi/kmtos-public/hx_mirror/genesis/telemetry_integrity_report.json.
[79A.13] Operational validation file created.
[79A.13] Genesis readiness summary updated to telemetry-validated.
[79A.13] Genesis Continuum Operational Validation and Telemetry Integrity Protocol complete.
[79A.13] Operational Validation initialized.
[79A.13] Using GENESIS_DIR=/home/moghimi/kmtos-public/hx_mirror/genesis
[79A.13] Operational reintegration confirmed.
[79A.13] Signal strength: null
[79A.13] Latency (ms): null
[79A.13] Packet loss (%): null
[79A.13] Calculated telemetry integrity score: 0
[79A.13] Telemetry integrity report written to /home/moghimi/kmtos-public/hx_mirror/genesis/telemetry_integrity_report.json.
[79A.13] Operational validation file created.
[79A.13] Genesis readiness summary updated to telemetry-validated.
[79A.13] Genesis Continuum Operational Validation and Telemetry Integrity Protocol complete.
