[79A.12] Continuum Operational Reintegration initialized.
[79A.12] Using GENESIS_DIR=/home/moghimi/kmtos-public/hx_mirror/genesis
[79A.12] Reactivation state confirmed.
[79A.12] Harmonic index: 1
[79A.12] Calculated realignment score: 99.9
[79A.12] Continuum reintegration report written to /home/moghimi/kmtos-public/hx_mirror/genesis/continuum_reintegration_report.json.
[79A.12] Genesis field re-alignment file created.
[79A.12] Genesis readiness summary updated to operational-reintegrated.
[79A.12] Continuum Operational Reintegration and Genesis Field Re-Alignment Protocol complete.
[79A.12] Continuum Operational Reintegration initialized.
[79A.12] Using GENESIS_DIR=/home/moghimi/kmtos-public/hx_mirror/genesis
[79A.12] ERROR: System not reactivated. Run 79A.11 before 79A.12.
[79A.12] Continuum Operational Reintegration initialized.
[79A.12] Using GENESIS_DIR=/home/moghimi/kmtos-public/hx_mirror/genesis
[79A.12] Reactivation state confirmed.
[79A.12] Harmonic index: 1
[79A.12] Calculated realignment score: 99.9
[79A.12] Continuum reintegration report written to /home/moghimi/kmtos-public/hx_mirror/genesis/continuum_reintegration_report.json.
[79A.12] Genesis field re-alignment file created.
[79A.12] Genesis readiness summary updated to operational-reintegrated.
[79A.12] Continuum Operational Reintegration and Genesis Field Re-Alignment Protocol complete.
[79A.12] Continuum Operational Reintegration initialized.
[79A.12] Using GENESIS_DIR=/home/moghimi/kmtos-public/hx_mirror/genesis
[79A.12] Reactivation state confirmed.
[79A.12] Harmonic index: 1
[79A.12] Calculated realignment score: 99.9
[79A.12] Continuum reintegration report written to /home/moghimi/kmtos-public/hx_mirror/genesis/continuum_reintegration_report.json.
[79A.12] Genesis field re-alignment file created.
[79A.12] Genesis readiness summary updated to operational-reintegrated.
[79A.12] Continuum Operational Reintegration and Genesis Field Re-Alignment Protocol complete.
[79A.12] Continuum Operational Reintegration initialized.
[79A.12] Using GENESIS_DIR=/home/moghimi/kmtos-public/hx_mirror/genesis
[79A.12] Reactivation state confirmed.
[79A.12] Harmonic index: 1
[79A.12] Calculated realignment score: 99.9
[79A.12] Continuum reintegration report written to /home/moghimi/kmtos-public/hx_mirror/genesis/continuum_reintegration_report.json.
[79A.12] Genesis field re-alignment file created.
[79A.12] Genesis readiness summary updated to operational-reintegrated.
[79A.12] Continuum Operational Reintegration and Genesis Field Re-Alignment Protocol complete.
[79A.12] Continuum Operational Reintegration initialized.
[79A.12] Using GENESIS_DIR=/home/moghimi/kmtos-public/hx_mirror/genesis
[79A.12] Reactivation state confirmed.
[79A.12] Harmonic index: 1
[79A.12] Calculated realignment score: 99.9
[79A.12] Continuum reintegration report written to /home/moghimi/kmtos-public/hx_mirror/genesis/continuum_reintegration_report.json.
[79A.12] Genesis field re-alignment file created.
[79A.12] Genesis readiness summary updated to operational-reintegrated.
[79A.12] Continuum Operational Reintegration and Genesis Field Re-Alignment Protocol complete.
[79A.12] Continuum Operational Reintegration initialized.
[79A.12] Using GENESIS_DIR=/home/moghimi/kmtos-public/hx_mirror/genesis
[79A.12] Reactivation state confirmed.
[79A.12] Harmonic index: 1
[79A.12] Calculated realignment score: 99.9
[79A.12] Continuum reintegration report written to /home/moghimi/kmtos-public/hx_mirror/genesis/continuum_reintegration_report.json.
[79A.12] Genesis field re-alignment file created.
[79A.12] Genesis readiness summary updated to operational-reintegrated.
[79A.12] Continuum Operational Reintegration and Genesis Field Re-Alignment Protocol complete.
[79A.12] Continuum Operational Reintegration initialized.
[79A.12] Using GENESIS_DIR=/home/moghimi/kmtos-public/hx_mirror/genesis
[79A.12] Reactivation state confirmed.
[79A.12] Harmonic index: 1
[79A.12] Calculated realignment score: 99.9
[79A.12] Continuum reintegration report written to /home/moghimi/kmtos-public/hx_mirror/genesis/continuum_reintegration_report.json.
[79A.12] Genesis field re-alignment file created.
[79A.12] Genesis readiness summary updated to operational-reintegrated.
[79A.12] Continuum Operational Reintegration and Genesis Field Re-Alignment Protocol complete.
