[79A.11] Continuum Reactivation and Audit Integrity Test initialized.
[79A.11] Using GENESIS_DIR=/home/moghimi/kmtos-public/hx_mirror/genesis
[79A.11] Archival state confirmed.
[79A.11] Continuum reactivation report written to /home/moghimi/kmtos-public/hx_mirror/genesis/continuum_reactivation_report.json.
[79A.11] Checksum manifest hash: d82edd84ad82443ecfab5b80e54dc39d992cfcf04b7ec6e94addf952684ea9ac
[79A.11] Audit integrity test file written to /home/moghimi/kmtos-public/hx_mirror/genesis/audit_integrity_test.json.
[79A.11] Genesis readiness summary updated to reactivation-tested.
[79A.11] Continuum Reactivation and Audit Integrity Test complete.
[79A.11] Continuum Reactivation and Audit Integrity Test initialized.
[79A.11] Using GENESIS_DIR=/home/moghimi/kmtos-public/hx_mirror/genesis
[79A.11] ERROR: System not archived. Run 79A.10 before 79A.11.
[79A.11] Continuum Reactivation and Audit Integrity Test initialized.
[79A.11] Using GENESIS_DIR=/home/moghimi/kmtos-public/hx_mirror/genesis
[79A.11] Archival state confirmed.
[79A.11] Continuum reactivation report written to /home/moghimi/kmtos-public/hx_mirror/genesis/continuum_reactivation_report.json.
[79A.11] Checksum manifest hash: f1854188d5f74a7543c7be942bad36b1e8287060fab3b1a5a000fab46fabdb94
[79A.11] Audit integrity test file written to /home/moghimi/kmtos-public/hx_mirror/genesis/audit_integrity_test.json.
[79A.11] Genesis readiness summary updated to reactivation-tested.
[79A.11] Continuum Reactivation and Audit Integrity Test complete.
[79A.11] Continuum Reactivation and Audit Integrity Test initialized.
[79A.11] Using GENESIS_DIR=/home/moghimi/kmtos-public/hx_mirror/genesis
[79A.11] Archival state confirmed.
[79A.11] Continuum reactivation report written to /home/moghimi/kmtos-public/hx_mirror/genesis/continuum_reactivation_report.json.
[79A.11] Checksum manifest hash: 7266dfaea1b1639a7a5eb7bb55bb2c231b2977ae66c7b27aca447e355c2a6505
[79A.11] Audit integrity test file written to /home/moghimi/kmtos-public/hx_mirror/genesis/audit_integrity_test.json.
[79A.11] Genesis readiness summary updated to reactivation-tested.
[79A.11] Continuum Reactivation and Audit Integrity Test complete.
[79A.11] Continuum Reactivation and Audit Integrity Test initialized.
[79A.11] Using GENESIS_DIR=/home/moghimi/kmtos-public/hx_mirror/genesis
[79A.11] Archival state confirmed.
[79A.11] Continuum reactivation report written to /home/moghimi/kmtos-public/hx_mirror/genesis/continuum_reactivation_report.json.
[79A.11] Checksum manifest hash: c99449601081bea3761d45f8d465ba0ce13980744704442a72aa5e94cd7562fc
[79A.11] Audit integrity test file written to /home/moghimi/kmtos-public/hx_mirror/genesis/audit_integrity_test.json.
[79A.11] Genesis readiness summary updated to reactivation-tested.
[79A.11] Continuum Reactivation and Audit Integrity Test complete.
[79A.11] Continuum Reactivation and Audit Integrity Test initialized.
[79A.11] Using GENESIS_DIR=/home/moghimi/kmtos-public/hx_mirror/genesis
[79A.11] Archival state confirmed.
[79A.11] Continuum reactivation report written to /home/moghimi/kmtos-public/hx_mirror/genesis/continuum_reactivation_report.json.
[79A.11] Checksum manifest hash: 7651b935e9e8c089dcddf438d6f9c5722303025febf4fcf723761458b224fe8e
[79A.11] Audit integrity test file written to /home/moghimi/kmtos-public/hx_mirror/genesis/audit_integrity_test.json.
[79A.11] Genesis readiness summary updated to reactivation-tested.
[79A.11] Continuum Reactivation and Audit Integrity Test complete.
[79A.11] Continuum Reactivation and Audit Integrity Test initialized.
[79A.11] Using GENESIS_DIR=/home/moghimi/kmtos-public/hx_mirror/genesis
[79A.11] Archival state confirmed.
[79A.11] Continuum reactivation report written to /home/moghimi/kmtos-public/hx_mirror/genesis/continuum_reactivation_report.json.
[79A.11] Checksum manifest hash: 83da2916680f4456dfe0cc8e576a002a6a79286cf472a120133a0aad89b8ccc4
[79A.11] Audit integrity test file written to /home/moghimi/kmtos-public/hx_mirror/genesis/audit_integrity_test.json.
[79A.11] Genesis readiness summary updated to reactivation-tested.
[79A.11] Continuum Reactivation and Audit Integrity Test complete.
[79A.11] Continuum Reactivation and Audit Integrity Test initialized.
[79A.11] Using GENESIS_DIR=/home/moghimi/kmtos-public/hx_mirror/genesis
[79A.11] Archival state confirmed.
[79A.11] Continuum reactivation report written to /home/moghimi/kmtos-public/hx_mirror/genesis/continuum_reactivation_report.json.
[79A.11] Checksum manifest hash: a4aafbaf263b0dfa38a8faae8bed1ea18738e65531047832e0d94a3d4e87de80
[79A.11] Audit integrity test file written to /home/moghimi/kmtos-public/hx_mirror/genesis/audit_integrity_test.json.
[79A.11] Genesis readiness summary updated to reactivation-tested.
[79A.11] Continuum Reactivation and Audit Integrity Test complete.
