[79A.2] Genesis Seed Contract Specification initialized.
[79A.2] Using GENESIS_DIR=/home/moghimi/kmtos-public/hx_mirror/genesis
[79A.2] Genesis manifest, activation flags, and protocol verified.
[79A.2] Writing Genesis Seed Contract to /home/moghimi/kmtos-public/hx_mirror/genesis/genesis_seed_contract.json...
[79A.2] Genesis Seed Contract defined.
[79A.2] Initializing seed registry scaffold at /home/moghimi/kmtos-public/hx_mirror/genesis/seed_registry.json...
[79A.2] Seed registry scaffold created.
[79A.2] Ensuring Genesis remains disabled after seed contract definition...
[79A.2] Genesis remains disabled; activation flags locked.
[79A.2] Genesis Seed Contract Specification complete (contract defined, registry scaffold created, activation locked).
[79A.2] Genesis Seed Contract Specification initialized.
[79A.2] Using GENESIS_DIR=/home/moghimi/kmtos-public/hx_mirror/genesis
[79A.2] Genesis manifest, activation flags, and protocol verified.
[79A.2] Writing Genesis Seed Contract to /home/moghimi/kmtos-public/hx_mirror/genesis/genesis_seed_contract.json...
[79A.2] Genesis Seed Contract defined.
[79A.2] Initializing seed registry scaffold at /home/moghimi/kmtos-public/hx_mirror/genesis/seed_registry.json...
[79A.2] Seed registry scaffold created.
[79A.2] Ensuring Genesis remains disabled after seed contract definition...
[79A.2] Genesis remains disabled; activation flags locked.
[79A.2] Genesis Seed Contract Specification complete (contract defined, registry scaffold created, activation locked).
[79A.2] Genesis Seed Contract Specification initialized.
[79A.2] Using GENESIS_DIR=/home/moghimi/kmtos-public/hx_mirror/genesis
[79A.2] Genesis manifest, activation flags, and protocol verified.
[79A.2] Writing Genesis Seed Contract to /home/moghimi/kmtos-public/hx_mirror/genesis/genesis_seed_contract.json...
[79A.2] Genesis Seed Contract defined.
[79A.2] Initializing seed registry scaffold at /home/moghimi/kmtos-public/hx_mirror/genesis/seed_registry.json...
[79A.2] Seed registry scaffold created.
[79A.2] Ensuring Genesis remains disabled after seed contract definition...
[79A.2] Genesis remains disabled; activation flags locked.
[79A.2] Genesis Seed Contract Specification complete (contract defined, registry scaffold created, activation locked).
[79A.2] Genesis Seed Contract Specification initialized.
[79A.2] Using GENESIS_DIR=/home/moghimi/kmtos-public/hx_mirror/genesis
[79A.2] Genesis manifest, activation flags, and protocol verified.
[79A.2] Writing Genesis Seed Contract to /home/moghimi/kmtos-public/hx_mirror/genesis/genesis_seed_contract.json...
[79A.2] Genesis Seed Contract defined.
[79A.2] Initializing seed registry scaffold at /home/moghimi/kmtos-public/hx_mirror/genesis/seed_registry.json...
[79A.2] Seed registry scaffold created.
[79A.2] Ensuring Genesis remains disabled after seed contract definition...
[79A.2] Genesis remains disabled; activation flags locked.
[79A.2] Genesis Seed Contract Specification complete (contract defined, registry scaffold created, activation locked).
[79A.2] Genesis Seed Contract Specification initialized.
[79A.2] Using GENESIS_DIR=/home/moghimi/kmtos-public/hx_mirror/genesis
[79A.2] Genesis manifest, activation flags, and protocol verified.
[79A.2] Writing Genesis Seed Contract to /home/moghimi/kmtos-public/hx_mirror/genesis/genesis_seed_contract.json...
[79A.2] Genesis Seed Contract defined.
[79A.2] Initializing seed registry scaffold at /home/moghimi/kmtos-public/hx_mirror/genesis/seed_registry.json...
[79A.2] Seed registry scaffold created.
[79A.2] Ensuring Genesis remains disabled after seed contract definition...
[79A.2] Genesis remains disabled; activation flags locked.
[79A.2] Genesis Seed Contract Specification complete (contract defined, registry scaffold created, activation locked).
[79A.2] Genesis Seed Contract Specification initialized.
[79A.2] Using GENESIS_DIR=/home/moghimi/kmtos-public/hx_mirror/genesis
[79A.2] Genesis manifest, activation flags, and protocol verified.
[79A.2] Writing Genesis Seed Contract to /home/moghimi/kmtos-public/hx_mirror/genesis/genesis_seed_contract.json...
[79A.2] Genesis Seed Contract defined.
[79A.2] Initializing seed registry scaffold at /home/moghimi/kmtos-public/hx_mirror/genesis/seed_registry.json...
[79A.2] Seed registry scaffold created.
[79A.2] Ensuring Genesis remains disabled after seed contract definition...
[79A.2] Genesis remains disabled; activation flags locked.
[79A.2] Genesis Seed Contract Specification complete (contract defined, registry scaffold created, activation locked).
[79A.2] Genesis Seed Contract Specification initialized.
[79A.2] Using GENESIS_DIR=/home/moghimi/kmtos-public/hx_mirror/genesis
[79A.2] Genesis manifest, activation flags, and protocol verified.
[79A.2] Writing Genesis Seed Contract to /home/moghimi/kmtos-public/hx_mirror/genesis/genesis_seed_contract.json...
[79A.2] Genesis Seed Contract defined.
[79A.2] Initializing seed registry scaffold at /home/moghimi/kmtos-public/hx_mirror/genesis/seed_registry.json...
[79A.2] Seed registry scaffold created.
[79A.2] Ensuring Genesis remains disabled after seed contract definition...
[79A.2] Genesis remains disabled; activation flags locked.
[79A.2] Genesis Seed Contract Specification complete (contract defined, registry scaffold created, activation locked).
[79A.2] Genesis Seed Contract Specification initialized.
[79A.2] Using GENESIS_DIR=/home/moghimi/kmtos-public/hx_mirror/genesis
[79A.2] Genesis manifest, activation flags, and protocol verified.
[79A.2] Writing Genesis Seed Contract to /home/moghimi/kmtos-public/hx_mirror/genesis/genesis_seed_contract.json...
[79A.2] Genesis Seed Contract defined.
[79A.2] Initializing seed registry scaffold at /home/moghimi/kmtos-public/hx_mirror/genesis/seed_registry.json...
[79A.2] Seed registry scaffold created.
[79A.2] Ensuring Genesis remains disabled after seed contract definition...
[79A.2] Genesis remains disabled; activation flags locked.
[79A.2] Genesis Seed Contract Specification complete (contract defined, registry scaffold created, activation locked).
