[79A.3] Genesis Seed Validation and Registration Protocol initialized.
[79A.3] Using GENESIS_DIR=/home/moghimi/kmtos-public/hx_mirror/genesis
[79A.3] Seed contract and registry verified.
[79A.3] Sample seed definition created for validation.
[79A.3] Seed validation passed all required fields.
[79A.3] Computed seed hash: e3b0c44298fc1c149afbf4c8996fb92427ae41e4649b934ca495991b7852b855
[79A.3] Seed registered successfully.
[79A.3] Genesis readiness summary updated.
[79A.3] Genesis Seed Validation and Registration Protocol complete (activation locked).
[79A.3] Genesis Seed Validation and Registration Protocol initialized.
[79A.3] Using GENESIS_DIR=/home/moghimi/kmtos-public/hx_mirror/genesis
[79A.3] Seed contract and registry verified.
[79A.3] Sample seed definition created for validation.
[79A.3] Seed validation passed all required fields.
[79A.3] Computed seed hash: 6947fe123b22c1f24481241f820d3c9a2702cf215766e4eff3a9785d4e18d6a4
[79A.3] Seed registered successfully.
[79A.3] Genesis readiness summary updated.
[79A.3] Genesis Seed Validation and Registration Protocol complete (activation locked).
[79A.3] Genesis Seed Validation and Registration Protocol initialized.
[79A.3] Using GENESIS_DIR=/home/moghimi/kmtos-public/hx_mirror/genesis
[79A.3] Seed contract and registry verified.
[79A.3] Sample seed definition created for validation.
[79A.3] Seed validation passed all required fields.
[79A.3] Computed seed hash: 541eeba3088887355051ebb6d599fe2f322ce2f23a5f9a22c8070946f4801c81
[79A.3] Seed registered successfully.
[79A.3] Genesis readiness summary updated.
[79A.3] Genesis Seed Validation and Registration Protocol complete (activation locked).
[79A.3] Genesis Seed Validation and Registration Protocol initialized.
[79A.3] Using GENESIS_DIR=/home/moghimi/kmtos-public/hx_mirror/genesis
[79A.3] Seed contract and registry verified.
[79A.3] Sample seed definition created for validation.
[79A.3] Seed validation passed all required fields.
[79A.3] Computed seed hash: 3bb2b8643af7ca8bed0f035c97aa1a717de118e8362a9a64f5e93ee2ae3b013a
[79A.3] Seed registered successfully.
[79A.3] Genesis readiness summary updated.
[79A.3] Genesis Seed Validation and Registration Protocol complete (activation locked).
[79A.3] Genesis Seed Validation and Registration Protocol initialized.
[79A.3] Using GENESIS_DIR=/home/moghimi/kmtos-public/hx_mirror/genesis
[79A.3] Seed contract and registry verified.
[79A.3] Sample seed definition created for validation.
[79A.3] Seed validation passed all required fields.
[79A.3] Computed seed hash: 1fee7354c42026fefea04f83154feb719bc6d7b1aa36019c5fc76f823629c3d0
[79A.3] Seed registered successfully.
[79A.3] Genesis readiness summary updated.
[79A.3] Genesis Seed Validation and Registration Protocol complete (activation locked).
[79A.3] Genesis Seed Validation and Registration Protocol initialized.
[79A.3] Using GENESIS_DIR=/home/moghimi/kmtos-public/hx_mirror/genesis
[79A.3] Seed contract and registry verified.
[79A.3] Sample seed definition created for validation.
[79A.3] Seed validation passed all required fields.
[79A.3] Computed seed hash: 7d6024888227381eab847a2651c0424e2c4502ae320dacfc456206c21f4389b0
[79A.3] Seed registered successfully.
[79A.3] Genesis readiness summary updated.
[79A.3] Genesis Seed Validation and Registration Protocol complete (activation locked).
[79A.3] Genesis Seed Validation and Registration Protocol initialized.
[79A.3] Using GENESIS_DIR=/home/moghimi/kmtos-public/hx_mirror/genesis
[79A.3] Seed contract and registry verified.
[79A.3] Sample seed definition created for validation.
[79A.3] Seed validation passed all required fields.
[79A.3] Computed seed hash: 24df0681eb8821e200c069909e091efe6e7413e13d1b669e435d5eb0844a6f75
[79A.3] Seed registered successfully.
[79A.3] Genesis readiness summary updated.
[79A.3] Genesis Seed Validation and Registration Protocol complete (activation locked).
[79A.3] Genesis Seed Validation and Registration Protocol initialized.
[79A.3] Using GENESIS_DIR=/home/moghimi/kmtos-public/hx_mirror/genesis
[79A.3] Seed contract and registry verified.
[79A.3] Sample seed definition created for validation.
[79A.3] Seed validation passed all required fields.
[79A.3] Computed seed hash: df7d53b58b9bd37c7be331fe16cb4221b875224792f0a6f7359df9366284e89f
[79A.3] Seed registered successfully.
[79A.3] Genesis readiness summary updated.
[79A.3] Genesis Seed Validation and Registration Protocol complete (activation locked).
[79A.3] Genesis Seed Validation and Registration Protocol initialized.
[79A.3] Using GENESIS_DIR=/home/moghimi/kmtos-public/hx_mirror/genesis
[79A.3] Seed contract and registry verified.
[79A.3] Sample seed definition created for validation.
[79A.3] Seed validation passed all required fields.
[79A.3] Computed seed hash: 2d2634bc9d608b4bd0b9d5b847bda3758a1aecad7eea55abdca6caf2c50a8ca4
[79A.3] Seed registered successfully.
[79A.3] Genesis readiness summary updated.
[79A.3] Genesis Seed Validation and Registration Protocol complete (activation locked).
