[79A.4] Genesis Activation Safety Audit initialized.
[79A.4] Using GENESIS_DIR=/home/moghimi/kmtos-public/hx_mirror/genesis
[79A.4] Genesis manifest, activation flags, and readiness summary verified.
[79A.4] Health check: true
[79A.4] Backup check: true
[79A.4] Checksum check: true
[79A.4] Audit report written to /home/moghimi/kmtos-public/hx_mirror/genesis/genesis_audit_report.json.
[79A.4] Operator consent flag not found. Genesis remains locked.
[79A.4] Genesis readiness summary updated after audit.
[79A.4] Genesis Activation Safety Audit and Operator Consent Protocol complete.
[79A.4] Genesis Activation Safety Audit initialized.
[79A.4] Using GENESIS_DIR=/home/moghimi/kmtos-public/hx_mirror/genesis
[79A.4] Genesis manifest, activation flags, and readiness summary verified.
[79A.4] Health check: true
[79A.4] Backup check: true
[79A.4] Checksum check: true
[79A.4] Audit report written to /home/moghimi/kmtos-public/hx_mirror/genesis/genesis_audit_report.json.
[79A.4] Operator consent flag detected. Proceeding to activation unlock.
[79A.4] Genesis activation flag lifted by operator consent.
[79A.4] Genesis readiness summary updated after audit.
[79A.4] Genesis Activation Safety Audit and Operator Consent Protocol complete.
[79A.4] Genesis Activation Safety Audit initialized.
[79A.4] Using GENESIS_DIR=/home/moghimi/kmtos-public/hx_mirror/genesis
[79A.4] Genesis manifest, activation flags, and readiness summary verified.
[79A.4] Health check: true
[79A.4] Backup check: true
[79A.4] Checksum check: true
[79A.4] Audit report written to /home/moghimi/kmtos-public/hx_mirror/genesis/genesis_audit_report.json.
[79A.4] Operator consent flag detected. Proceeding to activation unlock.
[79A.4] Genesis activation flag lifted by operator consent.
[79A.4] Genesis readiness summary updated after audit.
[79A.4] Genesis Activation Safety Audit and Operator Consent Protocol complete.
[79A.4] Genesis Activation Safety Audit initialized.
[79A.4] Using GENESIS_DIR=/home/moghimi/kmtos-public/hx_mirror/genesis
[79A.4] Genesis manifest, activation flags, and readiness summary verified.
[79A.4] Health check: true
[79A.4] Backup check: true
[79A.4] Checksum check: true
[79A.4] Audit report written to /home/moghimi/kmtos-public/hx_mirror/genesis/genesis_audit_report.json.
[79A.4] Operator consent flag detected. Proceeding to activation unlock.
[79A.4] Genesis activation flag lifted by operator consent.
[79A.4] Genesis readiness summary updated after audit.
[79A.4] Genesis Activation Safety Audit and Operator Consent Protocol complete.
[79A.4] Genesis Activation Safety Audit initialized.
[79A.4] Using GENESIS_DIR=/home/moghimi/kmtos-public/hx_mirror/genesis
[79A.4] Genesis manifest, activation flags, and readiness summary verified.
[79A.4] Health check: true
[79A.4] Backup check: true
[79A.4] Checksum check: true
[79A.4] Audit report written to /home/moghimi/kmtos-public/hx_mirror/genesis/genesis_audit_report.json.
[79A.4] Operator consent flag detected. Proceeding to activation unlock.
[79A.4] Genesis activation flag lifted by operator consent.
[79A.4] Genesis readiness summary updated after audit.
[79A.4] Genesis Activation Safety Audit and Operator Consent Protocol complete.
[79A.4] Genesis Activation Safety Audit initialized.
[79A.4] Using GENESIS_DIR=/home/moghimi/kmtos-public/hx_mirror/genesis
[79A.4] Genesis manifest, activation flags, and readiness summary verified.
[79A.4] Health check: true
[79A.4] Backup check: true
[79A.4] Checksum check: true
[79A.4] Audit report written to /home/moghimi/kmtos-public/hx_mirror/genesis/genesis_audit_report.json.
[79A.4] Operator consent flag detected. Proceeding to activation unlock.
[79A.4] Genesis activation flag lifted by operator consent.
[79A.4] Genesis readiness summary updated after audit.
[79A.4] Genesis Activation Safety Audit and Operator Consent Protocol complete.
[79A.4] Genesis Activation Safety Audit initialized.
[79A.4] Using GENESIS_DIR=/home/moghimi/kmtos-public/hx_mirror/genesis
[79A.4] Genesis manifest, activation flags, and readiness summary verified.
[79A.4] Health check: true
[79A.4] Backup check: true
[79A.4] Checksum check: true
[79A.4] Audit report written to /home/moghimi/kmtos-public/hx_mirror/genesis/genesis_audit_report.json.
[79A.4] Operator consent flag detected. Proceeding to activation unlock.
[79A.4] Genesis activation flag lifted by operator consent.
[79A.4] Genesis readiness summary updated after audit.
[79A.4] Genesis Activation Safety Audit and Operator Consent Protocol complete.
[79A.4] Genesis Activation Safety Audit initialized.
[79A.4] Using GENESIS_DIR=/home/moghimi/kmtos-public/hx_mirror/genesis
[79A.4] Genesis manifest, activation flags, and readiness summary verified.
[79A.4] Health check: true
[79A.4] Backup check: true
[79A.4] Checksum check: true
[79A.4] Audit report written to /home/moghimi/kmtos-public/hx_mirror/genesis/genesis_audit_report.json.
[79A.4] Operator consent flag detected. Proceeding to activation unlock.
[79A.4] Genesis activation flag lifted by operator consent.
[79A.4] Genesis readiness summary updated after audit.
[79A.4] Genesis Activation Safety Audit and Operator Consent Protocol complete.
