[79A.5] Genesis Activation Protocol Execution initialized.
[79A.5] Using GENESIS_DIR=/home/moghimi/kmtos-public/hx_mirror/genesis
[79A.5] Genesis manifest, activation flags, and readiness summary verified.
[79A.5] Operator consent flag detected. Proceeding with activation.
[79A.5] Activation flag lifted.
[79A.5] Genesis manifest updated: activation enabled.
[79A.5] Activation report written to /home/moghimi/kmtos-public/hx_mirror/genesis/genesis_activation_report.json.
[79A.5] Genesis readiness summary updated to activated.
[79A.5] Genesis Activation Protocol Execution complete.
[79A.5] Genesis Activation Protocol Execution initialized.
[79A.5] Using GENESIS_DIR=/home/moghimi/kmtos-public/hx_mirror/genesis
[79A.5] Genesis manifest, activation flags, and readiness summary verified.
[79A.5] Operator consent flag detected. Proceeding with activation.
[79A.5] Activation flag lifted.
[79A.5] Genesis manifest updated: activation enabled.
[79A.5] Activation report written to /home/moghimi/kmtos-public/hx_mirror/genesis/genesis_activation_report.json.
[79A.5] Genesis readiness summary updated to activated.
[79A.5] Genesis Activation Protocol Execution complete.
[79A.5] Genesis Activation Protocol Execution initialized.
[79A.5] Using GENESIS_DIR=/home/moghimi/kmtos-public/hx_mirror/genesis
[79A.5] Genesis manifest, activation flags, and readiness summary verified.
[79A.5] Operator consent flag detected. Proceeding with activation.
[79A.5] Activation flag lifted.
[79A.5] Genesis manifest updated: activation enabled.
[79A.5] Activation report written to /home/moghimi/kmtos-public/hx_mirror/genesis/genesis_activation_report.json.
[79A.5] Genesis readiness summary updated to activated.
[79A.5] Genesis Activation Protocol Execution complete.
[79A.5] Genesis Activation Protocol Execution initialized.
[79A.5] Using GENESIS_DIR=/home/moghimi/kmtos-public/hx_mirror/genesis
[79A.5] Genesis manifest, activation flags, and readiness summary verified.
[79A.5] Operator consent flag detected. Proceeding with activation.
[79A.5] Activation flag lifted.
[79A.5] Genesis manifest updated: activation enabled.
[79A.5] Activation report written to /home/moghimi/kmtos-public/hx_mirror/genesis/genesis_activation_report.json.
[79A.5] Genesis readiness summary updated to activated.
[79A.5] Genesis Activation Protocol Execution complete.
[79A.5] Genesis Activation Protocol Execution initialized.
[79A.5] Using GENESIS_DIR=/home/moghimi/kmtos-public/hx_mirror/genesis
[79A.5] Genesis manifest, activation flags, and readiness summary verified.
[79A.5] Operator consent flag detected. Proceeding with activation.
[79A.5] Activation flag lifted.
[79A.5] Genesis manifest updated: activation enabled.
[79A.5] Activation report written to /home/moghimi/kmtos-public/hx_mirror/genesis/genesis_activation_report.json.
[79A.5] Genesis readiness summary updated to activated.
[79A.5] Genesis Activation Protocol Execution complete.
[79A.5] Genesis Activation Protocol Execution initialized.
[79A.5] Using GENESIS_DIR=/home/moghimi/kmtos-public/hx_mirror/genesis
[79A.5] Genesis manifest, activation flags, and readiness summary verified.
[79A.5] Operator consent flag detected. Proceeding with activation.
[79A.5] Activation flag lifted.
[79A.5] Genesis manifest updated: activation enabled.
[79A.5] Activation report written to /home/moghimi/kmtos-public/hx_mirror/genesis/genesis_activation_report.json.
[79A.5] Genesis readiness summary updated to activated.
[79A.5] Genesis Activation Protocol Execution complete.
[79A.5] Genesis Activation Protocol Execution initialized.
[79A.5] Using GENESIS_DIR=/home/moghimi/kmtos-public/hx_mirror/genesis
[79A.5] Genesis manifest, activation flags, and readiness summary verified.
[79A.5] Operator consent flag detected. Proceeding with activation.
[79A.5] Activation flag lifted.
[79A.5] Genesis manifest updated: activation enabled.
[79A.5] Activation report written to /home/moghimi/kmtos-public/hx_mirror/genesis/genesis_activation_report.json.
[79A.5] Genesis readiness summary updated to activated.
[79A.5] Genesis Activation Protocol Execution complete.
[79A.5] Genesis Activation Protocol Execution initialized.
[79A.5] Using GENESIS_DIR=/home/moghimi/kmtos-public/hx_mirror/genesis
[79A.5] Genesis manifest, activation flags, and readiness summary verified.
[79A.5] Operator consent flag detected. Proceeding with activation.
[79A.5] Activation flag lifted.
[79A.5] Genesis manifest updated: activation enabled.
[79A.5] Activation report written to /home/moghimi/kmtos-public/hx_mirror/genesis/genesis_activation_report.json.
[79A.5] Genesis readiness summary updated to activated.
[79A.5] Genesis Activation Protocol Execution complete.
