[79A.6] Genesis Field Stabilization initialized.
[79A.6] Using GENESIS_DIR=/home/moghimi/kmtos-public/hx_mirror/genesis
[79A.6] Genesis activation confirmed.
[79A.6] Harmonic index: 1
[79A.6] Calculated stability score: 99.5
[79A.6] Telemetry normalization complete.
[79A.6] Stabilization report written to /home/moghimi/kmtos-public/hx_mirror/genesis/genesis_stabilization_report.json.
[79A.6] Genesis readiness summary updated to field-stabilized.
[79A.6] Genesis Field Stabilization and Telemetry Normalization complete.
[79A.6] Genesis Field Stabilization initialized.
[79A.6] Using GENESIS_DIR=/home/moghimi/kmtos-public/hx_mirror/genesis
[79A.6] Genesis activation confirmed.
[79A.6] Harmonic index: 1
[79A.6] Calculated stability score: 99.5
[79A.6] Telemetry normalization complete.
[79A.6] Stabilization report written to /home/moghimi/kmtos-public/hx_mirror/genesis/genesis_stabilization_report.json.
[79A.6] Genesis readiness summary updated to field-stabilized.
[79A.6] Genesis Field Stabilization and Telemetry Normalization complete.
[79A.6] Genesis Field Stabilization initialized.
[79A.6] Using GENESIS_DIR=/home/moghimi/kmtos-public/hx_mirror/genesis
[79A.6] Genesis activation confirmed.
[79A.6] Harmonic index: 1
[79A.6] Calculated stability score: 99.5
[79A.6] Telemetry normalization complete.
[79A.6] Stabilization report written to /home/moghimi/kmtos-public/hx_mirror/genesis/genesis_stabilization_report.json.
[79A.6] Genesis readiness summary updated to field-stabilized.
[79A.6] Genesis Field Stabilization and Telemetry Normalization complete.
[79A.6] Genesis Field Stabilization initialized.
[79A.6] Using GENESIS_DIR=/home/moghimi/kmtos-public/hx_mirror/genesis
[79A.6] Genesis activation confirmed.
[79A.6] Harmonic index: 1
[79A.6] Calculated stability score: 99.5
[79A.6] Telemetry normalization complete.
[79A.6] Stabilization report written to /home/moghimi/kmtos-public/hx_mirror/genesis/genesis_stabilization_report.json.
[79A.6] Genesis readiness summary updated to field-stabilized.
[79A.6] Genesis Field Stabilization and Telemetry Normalization complete.
[79A.6] Genesis Field Stabilization initialized.
[79A.6] Using GENESIS_DIR=/home/moghimi/kmtos-public/hx_mirror/genesis
[79A.6] Genesis activation confirmed.
[79A.6] Harmonic index: 1
[79A.6] Calculated stability score: 99.5
[79A.6] Telemetry normalization complete.
[79A.6] Stabilization report written to /home/moghimi/kmtos-public/hx_mirror/genesis/genesis_stabilization_report.json.
[79A.6] Genesis readiness summary updated to field-stabilized.
[79A.6] Genesis Field Stabilization and Telemetry Normalization complete.
[79A.6] Genesis Field Stabilization initialized.
[79A.6] Using GENESIS_DIR=/home/moghimi/kmtos-public/hx_mirror/genesis
[79A.6] Genesis activation confirmed.
[79A.6] Harmonic index: 1
[79A.6] Calculated stability score: 99.5
[79A.6] Telemetry normalization complete.
[79A.6] Stabilization report written to /home/moghimi/kmtos-public/hx_mirror/genesis/genesis_stabilization_report.json.
[79A.6] Genesis readiness summary updated to field-stabilized.
[79A.6] Genesis Field Stabilization and Telemetry Normalization complete.
[79A.6] Genesis Field Stabilization initialized.
[79A.6] Using GENESIS_DIR=/home/moghimi/kmtos-public/hx_mirror/genesis
[79A.6] Genesis activation confirmed.
[79A.6] Harmonic index: 1
[79A.6] Calculated stability score: 99.5
[79A.6] Telemetry normalization complete.
[79A.6] Stabilization report written to /home/moghimi/kmtos-public/hx_mirror/genesis/genesis_stabilization_report.json.
[79A.6] Genesis readiness summary updated to field-stabilized.
[79A.6] Genesis Field Stabilization and Telemetry Normalization complete.
[79A.6] Genesis Field Stabilization initialized.
[79A.6] Using GENESIS_DIR=/home/moghimi/kmtos-public/hx_mirror/genesis
[79A.6] Genesis activation confirmed.
[79A.6] Harmonic index: 1
[79A.6] Calculated stability score: 99.5
[79A.6] Telemetry normalization complete.
[79A.6] Stabilization report written to /home/moghimi/kmtos-public/hx_mirror/genesis/genesis_stabilization_report.json.
[79A.6] Genesis readiness summary updated to field-stabilized.
[79A.6] Genesis Field Stabilization and Telemetry Normalization complete.
