[79A.8] Continuum Stability Audit initialized.
[79A.8] Using GENESIS_DIR=/home/moghimi/kmtos-public/hx_mirror/genesis
[79A.8] Continuum binding confirmed.
[79A.8] Harmonic index: 1
[79A.8] Consistency score: 99.75
[79A.8] Audit score: 99.7
[79A.8] Cross-layer synchronization complete.
[79A.8] Continuum stability report written to /home/moghimi/kmtos-public/hx_mirror/genesis/continuum_stability_report.json.
[79A.8] Genesis readiness summary updated to continuum-stable-and-synchronized.
[79A.8] Continuum Stability Audit and Cross-Layer Synchronization Protocol complete.
[79A.8] Continuum Stability Audit initialized.
[79A.8] Using GENESIS_DIR=/home/moghimi/kmtos-public/hx_mirror/genesis
[79A.8] Continuum binding confirmed.
[79A.8] Harmonic index: 1
[79A.8] Consistency score: 99.75
[79A.8] Audit score: 99.7
[79A.8] Cross-layer synchronization complete.
[79A.8] Continuum stability report written to /home/moghimi/kmtos-public/hx_mirror/genesis/continuum_stability_report.json.
[79A.8] Genesis readiness summary updated to continuum-stable-and-synchronized.
[79A.8] Continuum Stability Audit and Cross-Layer Synchronization Protocol complete.
[79A.8] Continuum Stability Audit initialized.
[79A.8] Using GENESIS_DIR=/home/moghimi/kmtos-public/hx_mirror/genesis
[79A.8] Continuum binding confirmed.
[79A.8] Harmonic index: 1
[79A.8] Consistency score: 99.75
[79A.8] Audit score: 99.7
[79A.8] Cross-layer synchronization complete.
[79A.8] Continuum stability report written to /home/moghimi/kmtos-public/hx_mirror/genesis/continuum_stability_report.json.
[79A.8] Genesis readiness summary updated to continuum-stable-and-synchronized.
[79A.8] Continuum Stability Audit and Cross-Layer Synchronization Protocol complete.
[79A.8] Continuum Stability Audit initialized.
[79A.8] Using GENESIS_DIR=/home/moghimi/kmtos-public/hx_mirror/genesis
[79A.8] Continuum binding confirmed.
[79A.8] Harmonic index: 1
[79A.8] Consistency score: 99.75
[79A.8] Audit score: 99.7
[79A.8] Cross-layer synchronization complete.
[79A.8] Continuum stability report written to /home/moghimi/kmtos-public/hx_mirror/genesis/continuum_stability_report.json.
[79A.8] Genesis readiness summary updated to continuum-stable-and-synchronized.
[79A.8] Continuum Stability Audit and Cross-Layer Synchronization Protocol complete.
[79A.8] Continuum Stability Audit initialized.
[79A.8] Using GENESIS_DIR=/home/moghimi/kmtos-public/hx_mirror/genesis
[79A.8] Continuum binding confirmed.
[79A.8] Harmonic index: 1
[79A.8] Consistency score: 99.75
[79A.8] Audit score: 99.7
[79A.8] Cross-layer synchronization complete.
[79A.8] Continuum stability report written to /home/moghimi/kmtos-public/hx_mirror/genesis/continuum_stability_report.json.
[79A.8] Genesis readiness summary updated to continuum-stable-and-synchronized.
[79A.8] Continuum Stability Audit and Cross-Layer Synchronization Protocol complete.
[79A.8] Continuum Stability Audit initialized.
[79A.8] Using GENESIS_DIR=/home/moghimi/kmtos-public/hx_mirror/genesis
[79A.8] Continuum binding confirmed.
[79A.8] Harmonic index: 1
[79A.8] Consistency score: 99.75
[79A.8] Audit score: 99.7
[79A.8] Cross-layer synchronization complete.
[79A.8] Continuum stability report written to /home/moghimi/kmtos-public/hx_mirror/genesis/continuum_stability_report.json.
[79A.8] Genesis readiness summary updated to continuum-stable-and-synchronized.
[79A.8] Continuum Stability Audit and Cross-Layer Synchronization Protocol complete.
[79A.8] Continuum Stability Audit initialized.
[79A.8] Using GENESIS_DIR=/home/moghimi/kmtos-public/hx_mirror/genesis
[79A.8] Continuum binding confirmed.
[79A.8] Harmonic index: 1
[79A.8] Consistency score: 99.75
[79A.8] Audit score: 99.7
[79A.8] Cross-layer synchronization complete.
[79A.8] Continuum stability report written to /home/moghimi/kmtos-public/hx_mirror/genesis/continuum_stability_report.json.
[79A.8] Genesis readiness summary updated to continuum-stable-and-synchronized.
[79A.8] Continuum Stability Audit and Cross-Layer Synchronization Protocol complete.
[79A.8] Continuum Stability Audit initialized.
[79A.8] Using GENESIS_DIR=/home/moghimi/kmtos-public/hx_mirror/genesis
[79A.8] Continuum binding confirmed.
[79A.8] Harmonic index: 1
[79A.8] Consistency score: 99.75
[79A.8] Audit score: 99.7
[79A.8] Cross-layer synchronization complete.
[79A.8] Continuum stability report written to /home/moghimi/kmtos-public/hx_mirror/genesis/continuum_stability_report.json.
[79A.8] Genesis readiness summary updated to continuum-stable-and-synchronized.
[79A.8] Continuum Stability Audit and Cross-Layer Synchronization Protocol complete.
