[79A.9] Continuum Integrity Verification initialized.
[79A.9] Using GENESIS_DIR=/home/moghimi/kmtos-public/hx_mirror/genesis
[79A.9] Continuum stability confirmed.
[79A.9] Integrity hash computed for /home/moghimi/kmtos-public/hx_mirror/genesis/continuum_stability_report.json: 24827ce4f486711bb4a07e844a3265b9977820e3280c10b6e6302944b17e9a29
[79A.9] Integrity hash computed for /home/moghimi/kmtos-public/hx_mirror/genesis/cross_layer_sync_status.json: 85b15ccea0155163f6a5c43611ff70f43635bc9a5d4912ac3c770050d1599cae
[79A.9] Integrity hash computed for /home/moghimi/kmtos-public/hx_mirror/genesis/continuum_binding.json: d2d29fa6dcd3c6768cf19865f4d72bc015935b02fae5b0ccba4b961f6dba72a0
[79A.9] Harmonic index: 1
[79A.9] Audit score: 99.7
[79A.9] Final integrity score: 99.68
[79A.9] Continuum integrity report written to /home/moghimi/kmtos-public/hx_mirror/genesis/continuum_integrity_report.json.
[79A.9] System finalization file created.
[79A.9] Genesis readiness summary updated to system-finalized.
[79A.9] Continuum Integrity Verification and System Finalization Protocol complete.
[79A.9] Continuum Integrity Verification initialized.
[79A.9] Using GENESIS_DIR=/home/moghimi/kmtos-public/hx_mirror/genesis
[79A.9] Continuum stability confirmed.
[79A.9] Integrity hash computed for /home/moghimi/kmtos-public/hx_mirror/genesis/continuum_stability_report.json: 413db6997bda348cd782326413c209734388fcc8b54e243bed5a8ea748ffdfaf
[79A.9] Integrity hash computed for /home/moghimi/kmtos-public/hx_mirror/genesis/cross_layer_sync_status.json: 956ef1b51cd77a28d195775529a8986c95ee7ce209bbdd2f0004dc370909a367
[79A.9] Integrity hash computed for /home/moghimi/kmtos-public/hx_mirror/genesis/continuum_binding.json: 4209cb1a33620227cc639922d10becb53a8c37ae9c190dec4e43ee6e2c41117d
[79A.9] Harmonic index: 1
[79A.9] Audit score: 99.7
[79A.9] Final integrity score: 99.68
[79A.9] Continuum integrity report written to /home/moghimi/kmtos-public/hx_mirror/genesis/continuum_integrity_report.json.
[79A.9] System finalization file created.
[79A.9] Genesis readiness summary updated to system-finalized.
[79A.9] Continuum Integrity Verification and System Finalization Protocol complete.
[79A.9] Continuum Integrity Verification initialized.
[79A.9] Using GENESIS_DIR=/home/moghimi/kmtos-public/hx_mirror/genesis
[79A.9] Continuum stability confirmed.
[79A.9] Integrity hash computed for /home/moghimi/kmtos-public/hx_mirror/genesis/continuum_stability_report.json: cb5bd53250159b5787e2f7f95a2497204c8a09e24fd42c012623575681886099
[79A.9] Integrity hash computed for /home/moghimi/kmtos-public/hx_mirror/genesis/cross_layer_sync_status.json: 0f721f5efe4c243ee90279fcfe2d795e6dc6c6086c1e8c84184daa3ecd47cc31
[79A.9] Integrity hash computed for /home/moghimi/kmtos-public/hx_mirror/genesis/continuum_binding.json: 6f6774fd284cb2b65487d7772b1f084bca07577eba7c9a2a10a61969c53009b7
[79A.9] Harmonic index: 1
[79A.9] Audit score: 99.7
[79A.9] Final integrity score: 99.68
[79A.9] Continuum integrity report written to /home/moghimi/kmtos-public/hx_mirror/genesis/continuum_integrity_report.json.
[79A.9] System finalization file created.
[79A.9] Genesis readiness summary updated to system-finalized.
[79A.9] Continuum Integrity Verification and System Finalization Protocol complete.
[79A.9] Continuum Integrity Verification initialized.
[79A.9] Using GENESIS_DIR=/home/moghimi/kmtos-public/hx_mirror/genesis
[79A.9] Continuum stability confirmed.
[79A.9] Integrity hash computed for /home/moghimi/kmtos-public/hx_mirror/genesis/continuum_stability_report.json: 7e4d756c9f9649e7e05f9bbe5ff1dd875ced4224fcad5e2b04cf91d70db8e332
[79A.9] Integrity hash computed for /home/moghimi/kmtos-public/hx_mirror/genesis/cross_layer_sync_status.json: 0f5a4f49cfa35a84e51d854e6a640e3105242e88acf2feec6b852b9657205f37
[79A.9] Integrity hash computed for /home/moghimi/kmtos-public/hx_mirror/genesis/continuum_binding.json: bb03ea7d3bcb7862ce01986a669feb466910092a588ee3f657dbb05434c7b910
[79A.9] Harmonic index: 1
[79A.9] Audit score: 99.7
[79A.9] Final integrity score: 99.68
[79A.9] Continuum integrity report written to /home/moghimi/kmtos-public/hx_mirror/genesis/continuum_integrity_report.json.
[79A.9] System finalization file created.
[79A.9] Genesis readiness summary updated to system-finalized.
[79A.9] Continuum Integrity Verification and System Finalization Protocol complete.
[79A.9] Continuum Integrity Verification initialized.
[79A.9] Using GENESIS_DIR=/home/moghimi/kmtos-public/hx_mirror/genesis
[79A.9] Continuum stability confirmed.
[79A.9] Integrity hash computed for /home/moghimi/kmtos-public/hx_mirror/genesis/continuum_stability_report.json: 95518d8a9faece6efd3d141e11998c1ed5ee06e9c169c29065ecda8fa6059229
[79A.9] Integrity hash computed for /home/moghimi/kmtos-public/hx_mirror/genesis/cross_layer_sync_status.json: 4ee9795fa48c4ba2d05b0beada79534cdca4d672c34cf43017ca80caf8da7bc6
[79A.9] Integrity hash computed for /home/moghimi/kmtos-public/hx_mirror/genesis/continuum_binding.json: bc41546c9a2dffed755db4c9bd407b66d292a4593e4c79803d605aff50111ca2
[79A.9] Harmonic index: 1
[79A.9] Audit score: 99.7
[79A.9] Final integrity score: 99.68
[79A.9] Continuum integrity report written to /home/moghimi/kmtos-public/hx_mirror/genesis/continuum_integrity_report.json.
[79A.9] System finalization file created.
[79A.9] Genesis readiness summary updated to system-finalized.
[79A.9] Continuum Integrity Verification and System Finalization Protocol complete.
[79A.9] Continuum Integrity Verification initialized.
[79A.9] Using GENESIS_DIR=/home/moghimi/kmtos-public/hx_mirror/genesis
[79A.9] Continuum stability confirmed.
[79A.9] Integrity hash computed for /home/moghimi/kmtos-public/hx_mirror/genesis/continuum_stability_report.json: 7e9ab12264d235d46f4ea3e348fb91c7593d6f9ec1b9447636d01ae32c420f52
[79A.9] Integrity hash computed for /home/moghimi/kmtos-public/hx_mirror/genesis/cross_layer_sync_status.json: becd2025c83db588a444c305f82a4fc0e4a15880efca8620ea751cd3804beddd
[79A.9] Integrity hash computed for /home/moghimi/kmtos-public/hx_mirror/genesis/continuum_binding.json: 597e679b037d22c0bb103f33c1697cf44a7e0bcc7aed1865d6c56542c7dcd912
[79A.9] Harmonic index: 1
[79A.9] Audit score: 99.7
[79A.9] Final integrity score: 99.68
[79A.9] Continuum integrity report written to /home/moghimi/kmtos-public/hx_mirror/genesis/continuum_integrity_report.json.
[79A.9] System finalization file created.
[79A.9] Genesis readiness summary updated to system-finalized.
[79A.9] Continuum Integrity Verification and System Finalization Protocol complete.
[79A.9] Continuum Integrity Verification initialized.
[79A.9] Using GENESIS_DIR=/home/moghimi/kmtos-public/hx_mirror/genesis
[79A.9] Continuum stability confirmed.
[79A.9] Integrity hash computed for /home/moghimi/kmtos-public/hx_mirror/genesis/continuum_stability_report.json: dbaafe505ae3a36f96a4ad7680a446f0219c6ea58dc63f7801d6bec7d41cb80b
[79A.9] Integrity hash computed for /home/moghimi/kmtos-public/hx_mirror/genesis/cross_layer_sync_status.json: 62460c25da38f960339eab6817ba2acff298f7c293a92ad826a8a21230b19031
[79A.9] Integrity hash computed for /home/moghimi/kmtos-public/hx_mirror/genesis/continuum_binding.json: a2cd3a8cb64d6b3a8ee76a84a2654133170a38d31e1c647eff8e16cba0f8e40f
[79A.9] Harmonic index: 1
[79A.9] Audit score: 99.7
[79A.9] Final integrity score: 99.68
[79A.9] Continuum integrity report written to /home/moghimi/kmtos-public/hx_mirror/genesis/continuum_integrity_report.json.
[79A.9] System finalization file created.
[79A.9] Genesis readiness summary updated to system-finalized.
[79A.9] Continuum Integrity Verification and System Finalization Protocol complete.
[79A.9] Continuum Integrity Verification initialized.
[79A.9] Using GENESIS_DIR=/home/moghimi/kmtos-public/hx_mirror/genesis
[79A.9] Continuum stability confirmed.
[79A.9] Integrity hash computed for /home/moghimi/kmtos-public/hx_mirror/genesis/continuum_stability_report.json: c4e414ceb1e6a6e4fa88f6a02d6c959f9d5c6ec49d76d611eb19df130443a625
[79A.9] Integrity hash computed for /home/moghimi/kmtos-public/hx_mirror/genesis/cross_layer_sync_status.json: b3bccfc8ede17a519bc7b1c9ba1bf88841d510f9f5bc480d4a0d1d67e1372ae6
[79A.9] Integrity hash computed for /home/moghimi/kmtos-public/hx_mirror/genesis/continuum_binding.json: db46fda31b78179c757e7bb015da81c5f30b322378e2cc87c76018432e8119db
[79A.9] Harmonic index: 1
[79A.9] Audit score: 99.7
[79A.9] Final integrity score: 99.68
[79A.9] Continuum integrity report written to /home/moghimi/kmtos-public/hx_mirror/genesis/continuum_integrity_report.json.
[79A.9] System finalization file created.
[79A.9] Genesis readiness summary updated to system-finalized.
[79A.9] Continuum Integrity Verification and System Finalization Protocol complete.
