[90A.1] Quantum Field Synchronization initialized.
[90A.1] Using GENESIS_DIR=/home/moghimi/kmtos-public/hx_mirror/genesis
[90A.1] Continuum synchronization confirmed.
[90A.1] Quantum entanglement score: 100
[90A.1] Quantum variance: 0
[90A.1] Quantum field synchronization report written to /home/moghimi/kmtos-public/hx_mirror/genesis/quantum_field_synchronization_report.json.
[90A.1] Autonomous continuum initialization file written to /home/moghimi/kmtos-public/hx_mirror/genesis/autonomous_continuum_initialization.json.
[90A.1] Genesis readiness summary updated to quantum-field-synchronized-and-autonomous-initialized.
[90A.1] Quantum Field Synchronization and Autonomous Continuum Initialization Protocol complete.
[90A.1] Quantum Field Synchronization initialized.
[90A.1] Using GENESIS_DIR=/home/moghimi/kmtos-public/hx_mirror/genesis
[90A.1] ERROR: Continuum not synchronized or harmonic lock incomplete. Run 80A.4 before 90A.1.
[90A.1] Quantum Field Synchronization initialized.
[90A.1] Using GENESIS_DIR=/home/moghimi/kmtos-public/hx_mirror/genesis
[90A.1] ERROR: Continuum not synchronized or harmonic lock incomplete. Run 80A.4 before 90A.1.
[90A.1] Quantum Field Synchronization initialized.
[90A.1] Using GENESIS_DIR=/home/moghimi/kmtos-public/hx_mirror/genesis
[90A.1] ERROR: Continuum not synchronized or harmonic lock incomplete. Run 80A.4 before 90A.1.
[90A.1] Quantum Field Synchronization initialized.
[90A.1] Using GENESIS_DIR=/home/moghimi/kmtos-public/hx_mirror/genesis
[90A.1] ERROR: Continuum not synchronized or harmonic lock incomplete. Run 80A.4 before 90A.1.
[90A.1] Quantum Field Synchronization initialized.
[90A.1] Using GENESIS_DIR=/home/moghimi/kmtos-public/hx_mirror/genesis
[90A.1] ERROR: Continuum not synchronized or harmonic lock incomplete. Run 80A.4 before 90A.1.
[90A.1] Quantum Field Synchronization initialized.
[90A.1] Using GENESIS_DIR=/home/moghimi/kmtos-public/hx_mirror/genesis
[90A.1] ERROR: Continuum not synchronized or harmonic lock incomplete. Run 80A.4 before 90A.1.
[90A.1] Quantum Field Synchronization initialized.
[90A.1] Using GENESIS_DIR=/home/moghimi/kmtos-public/hx_mirror/genesis
[90A.1] ERROR: Continuum not synchronized or harmonic lock incomplete. Run 80A.4 before 90A.1.
