[90A.2] Quantum Checksum Verification initialized.
[90A.2] Using GENESIS_DIR=/home/moghimi/kmtos-public/hx_mirror/genesis
[90A.2] Quantum synchronization confirmed.
[90A.2] Checksum integrity score: 100
[90A.2] Checksum variance: 0
[90A.2] Quantum checksum verification report written to /home/moghimi/kmtos-public/hx_mirror/genesis/quantum_checksum_verification_report.json.
[90A.2] Autonomous repair cycle file written to /home/moghimi/kmtos-public/hx_mirror/genesis/autonomous_repair_cycle.json.
[90A.2] Genesis readiness summary updated to quantum-checksum-verified-and-autonomous-repair-complete.
[90A.2] Quantum Checksum Verification and Autonomous Repair Cycle Protocol complete.
[90A.2] Quantum Checksum Verification initialized.
[90A.2] Using GENESIS_DIR=/home/moghimi/kmtos-public/hx_mirror/genesis
[90A.2] ERROR: Quantum field not synchronized or autonomy incomplete. Run 90A.1 before 90A.2.
[90A.2] Quantum Checksum Verification initialized.
[90A.2] Using GENESIS_DIR=/home/moghimi/kmtos-public/hx_mirror/genesis
[90A.2] ERROR: Quantum field not synchronized or autonomy incomplete. Run 90A.1 before 90A.2.
[90A.2] Quantum Checksum Verification initialized.
[90A.2] Using GENESIS_DIR=/home/moghimi/kmtos-public/hx_mirror/genesis
[90A.2] ERROR: Quantum field not synchronized or autonomy incomplete. Run 90A.1 before 90A.2.
[90A.2] Quantum Checksum Verification initialized.
[90A.2] Using GENESIS_DIR=/home/moghimi/kmtos-public/hx_mirror/genesis
[90A.2] ERROR: Quantum field not synchronized or autonomy incomplete. Run 90A.1 before 90A.2.
[90A.2] Quantum Checksum Verification initialized.
[90A.2] Using GENESIS_DIR=/home/moghimi/kmtos-public/hx_mirror/genesis
[90A.2] ERROR: Quantum field not synchronized or autonomy incomplete. Run 90A.1 before 90A.2.
[90A.2] Quantum Checksum Verification initialized.
[90A.2] Using GENESIS_DIR=/home/moghimi/kmtos-public/hx_mirror/genesis
[90A.2] ERROR: Quantum field not synchronized or autonomy incomplete. Run 90A.1 before 90A.2.
[90A.2] Quantum Checksum Verification initialized.
[90A.2] Using GENESIS_DIR=/home/moghimi/kmtos-public/hx_mirror/genesis
[90A.2] ERROR: Quantum field not synchronized or autonomy incomplete. Run 90A.1 before 90A.2.
