[90A.3] Quantum Stability Audit initialized.
[90A.3] Using GENESIS_DIR=/home/moghimi/kmtos-public/hx_mirror/genesis
[90A.3] Checksum verification and autonomous repair confirmed.
[90A.3] Quantum stability score: 100
[90A.3] Quantum variance: 0
[90A.3] Quantum stability report written to /home/moghimi/kmtos-public/hx_mirror/genesis/quantum_stability_report.json.
[90A.3] Continuum persistence retention: 100%
[90A.3] Continuum degradation: 0%
[90A.3] Continuum persistence audit file written to /home/moghimi/kmtos-public/hx_mirror/genesis/continuum_persistence_audit.json.
[90A.3] Genesis readiness summary updated to quantum-stable-and-continuum-persistent.
[90A.3] Quantum Stability and Continuum Persistence Protocol complete.
[90A.3] Quantum Stability Audit initialized.
[90A.3] Using GENESIS_DIR=/home/moghimi/kmtos-public/hx_mirror/genesis
[90A.3] ERROR: Checksum verification incomplete or repair cycle not finished. Run 90A.2 before 90A.3.
[90A.3] Quantum Stability Audit initialized.
[90A.3] Using GENESIS_DIR=/home/moghimi/kmtos-public/hx_mirror/genesis
[90A.3] ERROR: Checksum verification incomplete or repair cycle not finished. Run 90A.2 before 90A.3.
[90A.3] Quantum Stability Audit initialized.
[90A.3] Using GENESIS_DIR=/home/moghimi/kmtos-public/hx_mirror/genesis
[90A.3] ERROR: Checksum verification incomplete or repair cycle not finished. Run 90A.2 before 90A.3.
[90A.3] Quantum Stability Audit initialized.
[90A.3] Using GENESIS_DIR=/home/moghimi/kmtos-public/hx_mirror/genesis
[90A.3] ERROR: Checksum verification incomplete or repair cycle not finished. Run 90A.2 before 90A.3.
[90A.3] Quantum Stability Audit initialized.
[90A.3] Using GENESIS_DIR=/home/moghimi/kmtos-public/hx_mirror/genesis
[90A.3] ERROR: Checksum verification incomplete or repair cycle not finished. Run 90A.2 before 90A.3.
[90A.3] Quantum Stability Audit initialized.
[90A.3] Using GENESIS_DIR=/home/moghimi/kmtos-public/hx_mirror/genesis
[90A.3] ERROR: Checksum verification incomplete or repair cycle not finished. Run 90A.2 before 90A.3.
[90A.3] Quantum Stability Audit initialized.
[90A.3] Using GENESIS_DIR=/home/moghimi/kmtos-public/hx_mirror/genesis
[90A.3] ERROR: Checksum verification incomplete or repair cycle not finished. Run 90A.2 before 90A.3.
