[A.3.5] Storage Monitor Re-link initialized.
[A.3.5] Using MIRROR_BASE=/home/moghimi/kmtos-public/hx_mirror
[A.3.5] Validating normalized telemetry files...
[A.3.5] Extracting key metrics for storage monitor...
[A.3.5] Health flags: {"loop-active":true,"event-monitor-active":true}
[A.3.5] Total events: 1
[A.3.5] Last event timestamp: 2026-06-07T01:08:00+00:00
[A.3.5] Integrity hash: f97abaa5455bfaf6757b737c212ddfe4f4a4b9a065a6b5d0f376fe2032311c8e 385d3587bb8bb9147870ca5b49fb4ffe0093188f767f10fb7c6fa1bd35ec4bdb
[A.3.5] System file size: 86 bytes
[A.3.5] Events file size: 83 bytes
[A.3.5] Writing storage monitor state to /home/moghimi/kmtos-public/hx_mirror/storage_monitor/state.json...
[A.3.5] Storage monitor state file created.
[A.3.5] Storage Monitor Re-link complete.
[A.3.5] Storage Monitor Re-link initialized.
[A.3.5] Using MIRROR_BASE=/home/moghimi/kmtos-public/hx_mirror
[A.3.5] Validating normalized telemetry files...
[A.3.5] Extracting key metrics for storage monitor...
[A.3.5] Health flags: {"loop-active":true,"event-monitor-active":true}
[A.3.5] Total events: 1
[A.3.5] Last event timestamp: 2026-06-07T01:08:00+00:00
[A.3.5] Integrity hash: f97abaa5455bfaf6757b737c212ddfe4f4a4b9a065a6b5d0f376fe2032311c8e 385d3587bb8bb9147870ca5b49fb4ffe0093188f767f10fb7c6fa1bd35ec4bdb
[A.3.5] System file size: 86 bytes
[A.3.5] Events file size: 83 bytes
[A.3.5] Writing storage monitor state to /home/moghimi/kmtos-public/hx_mirror/storage_monitor/state.json...
[A.3.5] Storage monitor state file created.
[A.3.5] Storage Monitor Re-link complete.
[A.3.5] Storage Monitor Re-link initialized.
[A.3.5] Using MIRROR_BASE=/home/moghimi/kmtos-public/hx_mirror
[A.3.5] Validating normalized telemetry files...
[A.3.5] Extracting key metrics for storage monitor...
[A.3.5] Health flags: {"loop-active":true,"event-monitor-active":true}
[A.3.5] Total events: 1
[A.3.5] Last event timestamp: 2026-06-07T01:08:00+00:00
[A.3.5] Integrity hash: f97abaa5455bfaf6757b737c212ddfe4f4a4b9a065a6b5d0f376fe2032311c8e 385d3587bb8bb9147870ca5b49fb4ffe0093188f767f10fb7c6fa1bd35ec4bdb
[A.3.5] System file size: 86 bytes
[A.3.5] Events file size: 83 bytes
[A.3.5] Writing storage monitor state to /home/moghimi/kmtos-public/hx_mirror/storage_monitor/state.json...
[A.3.5] Storage monitor state file created.
[A.3.5] Storage Monitor Re-link complete.
[A.3.5] Storage Monitor Re-link initialized.
[A.3.5] Using MIRROR_BASE=/home/moghimi/kmtos-public/hx_mirror
[A.3.5] Validating normalized telemetry files...
[A.3.5] Extracting key metrics for storage monitor...
[A.3.5] Health flags: {"loop-active":true,"event-monitor-active":true}
[A.3.5] Total events: 1
[A.3.5] Last event timestamp: 2026-06-07T01:08:00+00:00
[A.3.5] Integrity hash: f97abaa5455bfaf6757b737c212ddfe4f4a4b9a065a6b5d0f376fe2032311c8e 385d3587bb8bb9147870ca5b49fb4ffe0093188f767f10fb7c6fa1bd35ec4bdb
[A.3.5] System file size: 86 bytes
[A.3.5] Events file size: 83 bytes
[A.3.5] Writing storage monitor state to /home/moghimi/kmtos-public/hx_mirror/storage_monitor/state.json...
[A.3.5] Storage monitor state file created.
[A.3.5] Storage Monitor Re-link complete.
[A.3.5] Storage Monitor Re-link initialized.
[A.3.5] Using MIRROR_BASE=/home/moghimi/kmtos-public/hx_mirror
[A.3.5] Validating normalized telemetry files...
[A.3.5] Extracting key metrics for storage monitor...
[A.3.5] Health flags: {"loop-active":true,"event-monitor-active":true}
[A.3.5] Total events: 1
[A.3.5] Last event timestamp: 2026-06-07T01:08:00+00:00
[A.3.5] Integrity hash: f97abaa5455bfaf6757b737c212ddfe4f4a4b9a065a6b5d0f376fe2032311c8e 385d3587bb8bb9147870ca5b49fb4ffe0093188f767f10fb7c6fa1bd35ec4bdb
[A.3.5] System file size: 86 bytes
[A.3.5] Events file size: 83 bytes
[A.3.5] Writing storage monitor state to /home/moghimi/kmtos-public/hx_mirror/storage_monitor/state.json...
[A.3.5] Storage monitor state file created.
[A.3.5] Storage Monitor Re-link complete.
[A.3.5] Storage Monitor Re-link initialized.
[A.3.5] Using MIRROR_BASE=/home/moghimi/kmtos-public/hx_mirror
[A.3.5] Validating normalized telemetry files...
[A.3.5] Extracting key metrics for storage monitor...
[A.3.5] Health flags: {"loop-active":true,"event-monitor-active":true}
[A.3.5] Total events: 1
[A.3.5] Last event timestamp: 2026-06-07T01:08:00+00:00
[A.3.5] Integrity hash: f97abaa5455bfaf6757b737c212ddfe4f4a4b9a065a6b5d0f376fe2032311c8e 385d3587bb8bb9147870ca5b49fb4ffe0093188f767f10fb7c6fa1bd35ec4bdb
[A.3.5] System file size: 86 bytes
[A.3.5] Events file size: 83 bytes
[A.3.5] Writing storage monitor state to /home/moghimi/kmtos-public/hx_mirror/storage_monitor/state.json...
[A.3.5] Storage monitor state file created.
[A.3.5] Storage Monitor Re-link complete.
[A.3.5] Storage Monitor Re-link initialized.
[A.3.5] Using MIRROR_BASE=/home/moghimi/kmtos-public/hx_mirror
[A.3.5] Validating normalized telemetry files...
[A.3.5] Extracting key metrics for storage monitor...
[A.3.5] Health flags: {"loop-active":true,"event-monitor-active":true}
[A.3.5] Total events: 1
[A.3.5] Last event timestamp: 2026-06-07T01:08:00+00:00
[A.3.5] Integrity hash: f97abaa5455bfaf6757b737c212ddfe4f4a4b9a065a6b5d0f376fe2032311c8e 385d3587bb8bb9147870ca5b49fb4ffe0093188f767f10fb7c6fa1bd35ec4bdb
[A.3.5] System file size: 86 bytes
[A.3.5] Events file size: 83 bytes
[A.3.5] Writing storage monitor state to /home/moghimi/kmtos-public/hx_mirror/storage_monitor/state.json...
[A.3.5] Storage monitor state file created.
[A.3.5] Storage Monitor Re-link complete.
[A.3.5] Storage Monitor Re-link initialized.
[A.3.5] Using MIRROR_BASE=/home/moghimi/kmtos-public/hx_mirror
[A.3.5] Validating normalized telemetry files...
[A.3.5] Extracting key metrics for storage monitor...
[A.3.5] Health flags: {"loop-active":true,"event-monitor-active":true}
[A.3.5] Total events: 1
[A.3.5] Last event timestamp: 2026-06-07T01:08:00+00:00
[A.3.5] Integrity hash: f97abaa5455bfaf6757b737c212ddfe4f4a4b9a065a6b5d0f376fe2032311c8e 385d3587bb8bb9147870ca5b49fb4ffe0093188f767f10fb7c6fa1bd35ec4bdb
[A.3.5] System file size: 86 bytes
[A.3.5] Events file size: 83 bytes
[A.3.5] Writing storage monitor state to /home/moghimi/kmtos-public/hx_mirror/storage_monitor/state.json...
[A.3.5] Storage monitor state file created.
[A.3.5] Storage Monitor Re-link complete.
