[A.3.9] Installer Packaging initialized.
[A.3.9] Using MIRROR_BASE=/home/moghimi/kmtos-public/hx_mirror
[A.3.9] All required artifacts detected.
[A.3.9] Building distribution manifest at /home/moghimi/kmtos-public/hx_mirror/installer_dist/distribution_manifest.json...
[A.3.9] Distribution manifest created.
[A.3.9] Creating installer bundle at /home/moghimi/kmtos-public/hx_mirror/installer_dist/kmtos_installer_bundle.tar.gz...
[A.3.9] Installer bundle created.
[A.3.9] Installer bundle size: 3670 bytes
[A.3.9] Installer state updated to 'packaged'.
[A.3.9] Installer Packaging initialized.
[A.3.9] Using MIRROR_BASE=/home/moghimi/kmtos-public/hx_mirror
[A.3.9] All required artifacts detected.
[A.3.9] Building distribution manifest at /home/moghimi/kmtos-public/hx_mirror/installer_dist/distribution_manifest.json...
[A.3.9] Distribution manifest created.
[A.3.9] Creating installer bundle at /home/moghimi/kmtos-public/hx_mirror/installer_dist/kmtos_installer_bundle.tar.gz...
[A.3.9] Installer bundle created.
[A.3.9] Installer bundle size: 13310 bytes
[A.3.9] Installer state updated to 'packaged'.
[A.3.9] Installer Packaging initialized.
[A.3.9] Using MIRROR_BASE=/home/moghimi/kmtos-public/hx_mirror
[A.3.9] All required artifacts detected.
[A.3.9] Building distribution manifest at /home/moghimi/kmtos-public/hx_mirror/installer_dist/distribution_manifest.json...
[A.3.9] Distribution manifest created.
[A.3.9] Creating installer bundle at /home/moghimi/kmtos-public/hx_mirror/installer_dist/kmtos_installer_bundle.tar.gz...
[A.3.9] Installer bundle created.
[A.3.9] Installer bundle size: 14223 bytes
[A.3.9] Installer state updated to 'packaged'.
[A.3.9] Installer Packaging initialized.
[A.3.9] Using MIRROR_BASE=/home/moghimi/kmtos-public/hx_mirror
[A.3.9] All required artifacts detected.
[A.3.9] Building distribution manifest at /home/moghimi/kmtos-public/hx_mirror/installer_dist/distribution_manifest.json...
[A.3.9] Distribution manifest created.
[A.3.9] Creating installer bundle at /home/moghimi/kmtos-public/hx_mirror/installer_dist/kmtos_installer_bundle.tar.gz...
[A.3.9] Installer bundle created.
[A.3.9] Installer bundle size: 14926 bytes
[A.3.9] Installer state updated to 'packaged'.
[A.3.9] Installer Packaging initialized.
[A.3.9] Using MIRROR_BASE=/home/moghimi/kmtos-public/hx_mirror
[A.3.9] All required artifacts detected.
[A.3.9] Building distribution manifest at /home/moghimi/kmtos-public/hx_mirror/installer_dist/distribution_manifest.json...
[A.3.9] Distribution manifest created.
[A.3.9] Creating installer bundle at /home/moghimi/kmtos-public/hx_mirror/installer_dist/kmtos_installer_bundle.tar.gz...
[A.3.9] Installer bundle created.
[A.3.9] Installer bundle size: 15718 bytes
[A.3.9] Installer state updated to 'packaged'.
[A.3.9] Installer Packaging initialized.
[A.3.9] Using MIRROR_BASE=/home/moghimi/kmtos-public/hx_mirror
[A.3.9] All required artifacts detected.
[A.3.9] Building distribution manifest at /home/moghimi/kmtos-public/hx_mirror/installer_dist/distribution_manifest.json...
[A.3.9] Distribution manifest created.
[A.3.9] Creating installer bundle at /home/moghimi/kmtos-public/hx_mirror/installer_dist/kmtos_installer_bundle.tar.gz...
[A.3.9] Installer bundle created.
[A.3.9] Installer bundle size: 17163 bytes
[A.3.9] Installer state updated to 'packaged'.
[A.3.9] Installer Packaging initialized.
[A.3.9] Using MIRROR_BASE=/home/moghimi/kmtos-public/hx_mirror
[A.3.9] All required artifacts detected.
[A.3.9] Building distribution manifest at /home/moghimi/kmtos-public/hx_mirror/installer_dist/distribution_manifest.json...
[A.3.9] Distribution manifest created.
[A.3.9] Creating installer bundle at /home/moghimi/kmtos-public/hx_mirror/installer_dist/kmtos_installer_bundle.tar.gz...
[A.3.9] Installer bundle created.
[A.3.9] Installer bundle size: 18273 bytes
[A.3.9] Installer state updated to 'packaged'.
[A.3.9] Installer Packaging initialized.
[A.3.9] Using MIRROR_BASE=/home/moghimi/kmtos-public/hx_mirror
[A.3.9] All required artifacts detected.
[A.3.9] Building distribution manifest at /home/moghimi/kmtos-public/hx_mirror/installer_dist/distribution_manifest.json...
[A.3.9] Distribution manifest created.
[A.3.9] Creating installer bundle at /home/moghimi/kmtos-public/hx_mirror/installer_dist/kmtos_installer_bundle.tar.gz...
[A.3.9] Installer bundle created.
[A.3.9] Installer bundle size: 18273 bytes
[A.3.9] Installer state updated to 'packaged'.
