[A.3.7] Installer Binding initialized.
[A.3.7] Using MIRROR_BASE=/home/moghimi/kmtos-public/hx_mirror
[A.3.7] All required artifacts detected.
[A.3.7] Building installer manifest at /home/moghimi/kmtos-public/hx_mirror/installer_binding/manifest.json...
[A.3.7] Installer manifest created.
[A.3.7] Computing readiness checksum...
[A.3.7] Readiness checksum written to /home/moghimi/kmtos-public/hx_mirror/installer_binding/readiness_checksum.txt
[A.3.7] Checksum verification passed.
[A.3.7] Installer binding complete. Artifacts ready for auto-deploy packaging.
[A.3.7] Installer Binding initialized.
[A.3.7] Using MIRROR_BASE=/home/moghimi/kmtos-public/hx_mirror
[A.3.7] All required artifacts detected.
[A.3.7] Building installer manifest at /home/moghimi/kmtos-public/hx_mirror/installer_binding/manifest.json...
[A.3.7] Installer manifest created.
[A.3.7] Computing readiness checksum...
[A.3.7] Readiness checksum written to /home/moghimi/kmtos-public/hx_mirror/installer_binding/readiness_checksum.txt
[A.3.7] Checksum verification passed.
[A.3.7] Installer binding complete. Artifacts ready for auto-deploy packaging.
[A.3.7] Installer Binding initialized.
[A.3.7] Using MIRROR_BASE=/home/moghimi/kmtos-public/hx_mirror
[A.3.7] All required artifacts detected.
[A.3.7] Building installer manifest at /home/moghimi/kmtos-public/hx_mirror/installer_binding/manifest.json...
[A.3.7] Installer manifest created.
[A.3.7] Computing readiness checksum...
[A.3.7] Readiness checksum written to /home/moghimi/kmtos-public/hx_mirror/installer_binding/readiness_checksum.txt
[A.3.7] Checksum verification passed.
[A.3.7] Installer binding complete. Artifacts ready for auto-deploy packaging.
[A.3.7] Installer Binding initialized.
[A.3.7] Using MIRROR_BASE=/home/moghimi/kmtos-public/hx_mirror
[A.3.7] All required artifacts detected.
[A.3.7] Building installer manifest at /home/moghimi/kmtos-public/hx_mirror/installer_binding/manifest.json...
[A.3.7] Installer manifest created.
[A.3.7] Computing readiness checksum...
[A.3.7] Readiness checksum written to /home/moghimi/kmtos-public/hx_mirror/installer_binding/readiness_checksum.txt
[A.3.7] Checksum verification passed.
[A.3.7] Installer binding complete. Artifacts ready for auto-deploy packaging.
[A.3.7] Installer Binding initialized.
[A.3.7] Using MIRROR_BASE=/home/moghimi/kmtos-public/hx_mirror
[A.3.7] All required artifacts detected.
[A.3.7] Building installer manifest at /home/moghimi/kmtos-public/hx_mirror/installer_binding/manifest.json...
[A.3.7] Installer manifest created.
[A.3.7] Computing readiness checksum...
[A.3.7] Readiness checksum written to /home/moghimi/kmtos-public/hx_mirror/installer_binding/readiness_checksum.txt
[A.3.7] Checksum verification passed.
[A.3.7] Installer binding complete. Artifacts ready for auto-deploy packaging.
[A.3.7] Installer Binding initialized.
[A.3.7] Using MIRROR_BASE=/home/moghimi/kmtos-public/hx_mirror
[A.3.7] All required artifacts detected.
[A.3.7] Building installer manifest at /home/moghimi/kmtos-public/hx_mirror/installer_binding/manifest.json...
[A.3.7] Installer manifest created.
[A.3.7] Computing readiness checksum...
[A.3.7] Readiness checksum written to /home/moghimi/kmtos-public/hx_mirror/installer_binding/readiness_checksum.txt
[A.3.7] Checksum verification passed.
[A.3.7] Installer binding complete. Artifacts ready for auto-deploy packaging.
[A.3.7] Installer Binding initialized.
[A.3.7] Using MIRROR_BASE=/home/moghimi/kmtos-public/hx_mirror
[A.3.7] All required artifacts detected.
[A.3.7] Building installer manifest at /home/moghimi/kmtos-public/hx_mirror/installer_binding/manifest.json...
[A.3.7] Installer manifest created.
[A.3.7] Computing readiness checksum...
[A.3.7] Readiness checksum written to /home/moghimi/kmtos-public/hx_mirror/installer_binding/readiness_checksum.txt
[A.3.7] Checksum verification passed.
[A.3.7] Installer binding complete. Artifacts ready for auto-deploy packaging.
[A.3.7] Installer Binding initialized.
[A.3.7] Using MIRROR_BASE=/home/moghimi/kmtos-public/hx_mirror
[A.3.7] All required artifacts detected.
[A.3.7] Building installer manifest at /home/moghimi/kmtos-public/hx_mirror/installer_binding/manifest.json...
[A.3.7] Installer manifest created.
[A.3.7] Computing readiness checksum...
[A.3.7] Readiness checksum written to /home/moghimi/kmtos-public/hx_mirror/installer_binding/readiness_checksum.txt
[A.3.7] Checksum verification passed.
[A.3.7] Installer binding complete. Artifacts ready for auto-deploy packaging.
